Archive member included because of file (symbol)

../../../../Library/TWI/TWI/Debug\libTWI.a(TWI.o)
                              RemoteController.o (InitTWI)
../../../../Library/Trace/Trace/Debug\libTrace.a(Trace.o)
                              RemoteController.o (InitTrace)
../../../../Library/ADC/ADC/Debug\libADC.a(ADC.o)
                              RemoteController.o (InitADC)
../../../../Library/LCD/LCD/Debug\libLCD.a(LCD.o)
                              RemoteController.o (LCDClearDisplay)
../../../../Library/ExtInt/ExtInt/Debug\libExtInt.a(ExtInt.o)
                              RemoteController.o (InitExtInt)
../../../../Library/XY-MK-5V-XY-FST/XY-MK-5V-XY-FST/Debug\libXY-MK-5V-XY-FST.a(XY-MK-5V-XY-FST.o)
                              RemoteController.o (Xymk5vXyfstTransmit)
c:/program files (x86)/atmel/atmel toolchain/avr8 gcc/native/3.4.1061/avr8-gnu-toolchain/bin/../lib/gcc/avr/4.8.1/../../../../avr/lib/avr51\libm.a(addsf3.o)
                              ../../../../Library/Trace/Trace/Debug\libTrace.a(Trace.o) (__subsf3)
c:/program files (x86)/atmel/atmel toolchain/avr8 gcc/native/3.4.1061/avr8-gnu-toolchain/bin/../lib/gcc/avr/4.8.1/../../../../avr/lib/avr51\libm.a(addsf3x.o)
                              c:/program files (x86)/atmel/atmel toolchain/avr8 gcc/native/3.4.1061/avr8-gnu-toolchain/bin/../lib/gcc/avr/4.8.1/../../../../avr/lib/avr51\libm.a(addsf3.o) (__addsf3x)
c:/program files (x86)/atmel/atmel toolchain/avr8 gcc/native/3.4.1061/avr8-gnu-toolchain/bin/../lib/gcc/avr/4.8.1/../../../../avr/lib/avr51\libm.a(cmpsf2.o)
                              ../../../../Library/Trace/Trace/Debug\libTrace.a(Trace.o) (__nesf2)
c:/program files (x86)/atmel/atmel toolchain/avr8 gcc/native/3.4.1061/avr8-gnu-toolchain/bin/../lib/gcc/avr/4.8.1/../../../../avr/lib/avr51\libm.a(fixsfdi.o)
                              ../../../../Library/Trace/Trace/Debug\libTrace.a(Trace.o) (__fixsfdi)
c:/program files (x86)/atmel/atmel toolchain/avr8 gcc/native/3.4.1061/avr8-gnu-toolchain/bin/../lib/gcc/avr/4.8.1/../../../../avr/lib/avr51\libm.a(fixunssfsi.o)
                              ../../../../Library/Trace/Trace/Debug\libTrace.a(Trace.o) (__fixunssfsi)
c:/program files (x86)/atmel/atmel toolchain/avr8 gcc/native/3.4.1061/avr8-gnu-toolchain/bin/../lib/gcc/avr/4.8.1/../../../../avr/lib/avr51\libm.a(floatdisf.o)
                              ../../../../Library/Trace/Trace/Debug\libTrace.a(Trace.o) (__floatdisf)
c:/program files (x86)/atmel/atmel toolchain/avr8 gcc/native/3.4.1061/avr8-gnu-toolchain/bin/../lib/gcc/avr/4.8.1/../../../../avr/lib/avr51\libm.a(floatsisf.o)
                              ../../../../Library/Trace/Trace/Debug\libTrace.a(Trace.o) (__floatsisf)
c:/program files (x86)/atmel/atmel toolchain/avr8 gcc/native/3.4.1061/avr8-gnu-toolchain/bin/../lib/gcc/avr/4.8.1/../../../../avr/lib/avr51\libm.a(floatundisf.o)
                              c:/program files (x86)/atmel/atmel toolchain/avr8 gcc/native/3.4.1061/avr8-gnu-toolchain/bin/../lib/gcc/avr/4.8.1/../../../../avr/lib/avr51\libm.a(floatdisf.o) (__fp_di2sf)
c:/program files (x86)/atmel/atmel toolchain/avr8 gcc/native/3.4.1061/avr8-gnu-toolchain/bin/../lib/gcc/avr/4.8.1/../../../../avr/lib/avr51\libm.a(fp_cmp.o)
                              c:/program files (x86)/atmel/atmel toolchain/avr8 gcc/native/3.4.1061/avr8-gnu-toolchain/bin/../lib/gcc/avr/4.8.1/../../../../avr/lib/avr51\libm.a(cmpsf2.o) (__fp_cmp)
c:/program files (x86)/atmel/atmel toolchain/avr8 gcc/native/3.4.1061/avr8-gnu-toolchain/bin/../lib/gcc/avr/4.8.1/../../../../avr/lib/avr51\libm.a(fp_inf.o)
                              c:/program files (x86)/atmel/atmel toolchain/avr8 gcc/native/3.4.1061/avr8-gnu-toolchain/bin/../lib/gcc/avr/4.8.1/../../../../avr/lib/avr51\libm.a(addsf3x.o) (__fp_inf)
c:/program files (x86)/atmel/atmel toolchain/avr8 gcc/native/3.4.1061/avr8-gnu-toolchain/bin/../lib/gcc/avr/4.8.1/../../../../avr/lib/avr51\libm.a(fp_nan.o)
                              c:/program files (x86)/atmel/atmel toolchain/avr8 gcc/native/3.4.1061/avr8-gnu-toolchain/bin/../lib/gcc/avr/4.8.1/../../../../avr/lib/avr51\libm.a(addsf3x.o) (__fp_nan)
c:/program files (x86)/atmel/atmel toolchain/avr8 gcc/native/3.4.1061/avr8-gnu-toolchain/bin/../lib/gcc/avr/4.8.1/../../../../avr/lib/avr51\libm.a(fp_negdi.o)
                              c:/program files (x86)/atmel/atmel toolchain/avr8 gcc/native/3.4.1061/avr8-gnu-toolchain/bin/../lib/gcc/avr/4.8.1/../../../../avr/lib/avr51\libm.a(fixsfdi.o) (__fp_negdi)
c:/program files (x86)/atmel/atmel toolchain/avr8 gcc/native/3.4.1061/avr8-gnu-toolchain/bin/../lib/gcc/avr/4.8.1/../../../../avr/lib/avr51\libm.a(fp_pscA.o)
                              c:/program files (x86)/atmel/atmel toolchain/avr8 gcc/native/3.4.1061/avr8-gnu-toolchain/bin/../lib/gcc/avr/4.8.1/../../../../avr/lib/avr51\libm.a(addsf3x.o) (__fp_pscA)
c:/program files (x86)/atmel/atmel toolchain/avr8 gcc/native/3.4.1061/avr8-gnu-toolchain/bin/../lib/gcc/avr/4.8.1/../../../../avr/lib/avr51\libm.a(fp_pscB.o)
                              c:/program files (x86)/atmel/atmel toolchain/avr8 gcc/native/3.4.1061/avr8-gnu-toolchain/bin/../lib/gcc/avr/4.8.1/../../../../avr/lib/avr51\libm.a(addsf3x.o) (__fp_pscB)
c:/program files (x86)/atmel/atmel toolchain/avr8 gcc/native/3.4.1061/avr8-gnu-toolchain/bin/../lib/gcc/avr/4.8.1/../../../../avr/lib/avr51\libm.a(fp_round.o)
                              c:/program files (x86)/atmel/atmel toolchain/avr8 gcc/native/3.4.1061/avr8-gnu-toolchain/bin/../lib/gcc/avr/4.8.1/../../../../avr/lib/avr51\libm.a(addsf3.o) (__fp_round)
c:/program files (x86)/atmel/atmel toolchain/avr8 gcc/native/3.4.1061/avr8-gnu-toolchain/bin/../lib/gcc/avr/4.8.1/../../../../avr/lib/avr51\libm.a(fp_split3.o)
                              c:/program files (x86)/atmel/atmel toolchain/avr8 gcc/native/3.4.1061/avr8-gnu-toolchain/bin/../lib/gcc/avr/4.8.1/../../../../avr/lib/avr51\libm.a(addsf3x.o) (__fp_split3)
c:/program files (x86)/atmel/atmel toolchain/avr8 gcc/native/3.4.1061/avr8-gnu-toolchain/bin/../lib/gcc/avr/4.8.1/../../../../avr/lib/avr51\libm.a(fp_zero.o)
                              c:/program files (x86)/atmel/atmel toolchain/avr8 gcc/native/3.4.1061/avr8-gnu-toolchain/bin/../lib/gcc/avr/4.8.1/../../../../avr/lib/avr51\libm.a(addsf3x.o) (__fp_zero)
c:/program files (x86)/atmel/atmel toolchain/avr8 gcc/native/3.4.1061/avr8-gnu-toolchain/bin/../lib/gcc/avr/4.8.1/../../../../avr/lib/avr51\libm.a(mulsf3.o)
                              ../../../../Library/Trace/Trace/Debug\libTrace.a(Trace.o) (__mulsf3)
c:/program files (x86)/atmel/atmel toolchain/avr8 gcc/native/3.4.1061/avr8-gnu-toolchain/bin/../lib/gcc/avr/4.8.1/../../../../avr/lib/avr51\libm.a(mulsf3x.o)
                              c:/program files (x86)/atmel/atmel toolchain/avr8 gcc/native/3.4.1061/avr8-gnu-toolchain/bin/../lib/gcc/avr/4.8.1/../../../../avr/lib/avr51\libm.a(mulsf3.o) (__mulsf3x)
../../../../Library/UART/UART/Debug\libUART.a(UART.o)
                              ../../../../Library/XY-MK-5V-XY-FST/XY-MK-5V-XY-FST/Debug\libXY-MK-5V-XY-FST.a(XY-MK-5V-XY-FST.o) (UARTEnableDisableReceiver)
c:/program files (x86)/atmel/atmel toolchain/avr8 gcc/native/3.4.1061/avr8-gnu-toolchain/bin/../lib/gcc/avr/4.8.1/../../../../avr/lib/avr51\libm.a(fixsfsi.o)
                              ../../../../Library/UART/UART/Debug\libUART.a(UART.o) (__fixsfsi)
c:/program files (x86)/atmel/atmel toolchain/avr8 gcc/native/3.4.1061/avr8-gnu-toolchain/bin/../lib/gcc/avr/4.8.1/avr51\libgcc.a(_divmodhi4.o)
                              ../../../../Library/LCD/LCD/Debug\libLCD.a(LCD.o) (__divmodhi4)
c:/program files (x86)/atmel/atmel toolchain/avr8 gcc/native/3.4.1061/avr8-gnu-toolchain/bin/../lib/gcc/avr/4.8.1/avr51\libgcc.a(_exit.o)
                              c:/program files (x86)/atmel/atmel toolchain/avr8 gcc/native/3.4.1061/avr8-gnu-toolchain/bin/../lib/gcc/avr/4.8.1/../../../../avr/lib/avr51/crtm1284p.o (exit)
c:/program files (x86)/atmel/atmel toolchain/avr8 gcc/native/3.4.1061/avr8-gnu-toolchain/bin/../lib/gcc/avr/4.8.1/avr51\libgcc.a(_tablejump.o)
                              ../../../../Library/Trace/Trace/Debug\libTrace.a(Trace.o) (__tablejump2__)
c:/program files (x86)/atmel/atmel toolchain/avr8 gcc/native/3.4.1061/avr8-gnu-toolchain/bin/../lib/gcc/avr/4.8.1/avr51\libgcc.a(_copy_data.o)
                              RemoteController.o (__do_copy_data)
c:/program files (x86)/atmel/atmel toolchain/avr8 gcc/native/3.4.1061/avr8-gnu-toolchain/bin/../lib/gcc/avr/4.8.1/avr51\libgcc.a(_clear_bss.o)
                              RemoteController.o (__do_clear_bss)
c:/program files (x86)/atmel/atmel toolchain/avr8 gcc/native/3.4.1061/avr8-gnu-toolchain/bin/../lib/gcc/avr/4.8.1/avr51\libgcc.a(_divdi3.o)
                              ../../../../Library/Trace/Trace/Debug\libTrace.a(Trace.o) (__moddi3)
c:/program files (x86)/atmel/atmel toolchain/avr8 gcc/native/3.4.1061/avr8-gnu-toolchain/bin/../lib/gcc/avr/4.8.1/avr51\libgcc.a(_udivdi3.o)
                              ../../../../Library/Trace/Trace/Debug\libTrace.a(Trace.o) (__umoddi3)
c:/program files (x86)/atmel/atmel toolchain/avr8 gcc/native/3.4.1061/avr8-gnu-toolchain/bin/../lib/gcc/avr/4.8.1/avr51\libgcc.a(_udivmod64.o)
                              c:/program files (x86)/atmel/atmel toolchain/avr8 gcc/native/3.4.1061/avr8-gnu-toolchain/bin/../lib/gcc/avr/4.8.1/avr51\libgcc.a(_divdi3.o) (__udivmod64)
c:/program files (x86)/atmel/atmel toolchain/avr8 gcc/native/3.4.1061/avr8-gnu-toolchain/bin/../lib/gcc/avr/4.8.1/avr51\libgcc.a(_negdi2.o)
                              ../../../../Library/Trace/Trace/Debug\libTrace.a(Trace.o) (__negdi2)
c:/program files (x86)/atmel/atmel toolchain/avr8 gcc/native/3.4.1061/avr8-gnu-toolchain/bin/../lib/gcc/avr/4.8.1/avr51\libgcc.a(_prologue.o)
                              c:/program files (x86)/atmel/atmel toolchain/avr8 gcc/native/3.4.1061/avr8-gnu-toolchain/bin/../lib/gcc/avr/4.8.1/avr51\libgcc.a(_divdi3.o) (__prologue_saves__)
c:/program files (x86)/atmel/atmel toolchain/avr8 gcc/native/3.4.1061/avr8-gnu-toolchain/bin/../lib/gcc/avr/4.8.1/avr51\libgcc.a(_epilogue.o)
                              c:/program files (x86)/atmel/atmel toolchain/avr8 gcc/native/3.4.1061/avr8-gnu-toolchain/bin/../lib/gcc/avr/4.8.1/avr51\libgcc.a(_divdi3.o) (__epilogue_restores__)
c:/program files (x86)/atmel/atmel toolchain/avr8 gcc/native/3.4.1061/avr8-gnu-toolchain/bin/../lib/gcc/avr/4.8.1/avr51\libgcc.a(_ashrdi3.o)
                              ../../../../Library/Trace/Trace/Debug\libTrace.a(Trace.o) (__lshrdi3)
c:/program files (x86)/atmel/atmel toolchain/avr8 gcc/native/3.4.1061/avr8-gnu-toolchain/bin/../lib/gcc/avr/4.8.1/avr51\libgcc.a(_cmpdi2_s8.o)
                              ../../../../Library/Trace/Trace/Debug\libTrace.a(Trace.o) (__cmpdi2_s8)
c:/program files (x86)/atmel/atmel toolchain/avr8 gcc/native/3.4.1061/avr8-gnu-toolchain/bin/../lib/gcc/avr/4.8.1/avr51\libgcc.a(_udivmodhi4.o)
                              c:/program files (x86)/atmel/atmel toolchain/avr8 gcc/native/3.4.1061/avr8-gnu-toolchain/bin/../lib/gcc/avr/4.8.1/avr51\libgcc.a(_divmodhi4.o) (__udivmodhi4)

Allocating common symbols
Common symbol       size              file

gRCICallback0       0x2               ../../../../Library/UART/UART/Debug\libUART.a(UART.o)
gTraceLevel         0x1               ../../../../Library/Trace/Trace/Debug\libTrace.a(Trace.o)
gSlaveAddress       0x1               ../../../../Library/LCD/LCD/Debug\libLCD.a(LCD.o)
gTCICallback0       0x2               ../../../../Library/UART/UART/Debug\libUART.a(UART.o)
gRCICallbackContext1
                    0x2               ../../../../Library/UART/UART/Debug\libUART.a(UART.o)
gRCICallback1       0x2               ../../../../Library/UART/UART/Debug\libUART.a(UART.o)
gTCICallback1       0x2               ../../../../Library/UART/UART/Debug\libUART.a(UART.o)
gTCICallbackContext0
                    0x2               ../../../../Library/UART/UART/Debug\libUART.a(UART.o)
gRCICallbackContext0
                    0x2               ../../../../Library/UART/UART/Debug\libUART.a(UART.o)
gXymk5vXyfstAutoRetransmit
                    0x1               ../../../../Library/XY-MK-5V-XY-FST/XY-MK-5V-XY-FST/Debug\libXY-MK-5V-XY-FST.a(XY-MK-5V-XY-FST.o)
gMode               0x1               ../../../../Library/TWI/TWI/Debug\libTWI.a(TWI.o)
gMessageId          0x4               ../../../../Library/XY-MK-5V-XY-FST/XY-MK-5V-XY-FST/Debug\libXY-MK-5V-XY-FST.a(XY-MK-5V-XY-FST.o)
gMyAddress          0x1               ../../../../Library/XY-MK-5V-XY-FST/XY-MK-5V-XY-FST/Debug\libXY-MK-5V-XY-FST.a(XY-MK-5V-XY-FST.o)
gDestAddress        0x1               ../../../../Library/XY-MK-5V-XY-FST/XY-MK-5V-XY-FST/Debug\libXY-MK-5V-XY-FST.a(XY-MK-5V-XY-FST.o)
gTCICallbackContext1
                    0x2               ../../../../Library/UART/UART/Debug\libUART.a(UART.o)
gUARTTimerTriggered
                    0x1               ../../../../Library/UART/UART/Debug\libUART.a(UART.o)

Discarded input sections

 .data          0x00000000        0x0 c:/program files (x86)/atmel/atmel toolchain/avr8 gcc/native/3.4.1061/avr8-gnu-toolchain/bin/../lib/gcc/avr/4.8.1/../../../../avr/lib/avr51/crtm1284p.o
 .bss           0x00000000        0x0 c:/program files (x86)/atmel/atmel toolchain/avr8 gcc/native/3.4.1061/avr8-gnu-toolchain/bin/../lib/gcc/avr/4.8.1/../../../../avr/lib/avr51/crtm1284p.o
 .text          0x00000000        0x0 RemoteController.o
 .data          0x00000000        0x0 RemoteController.o
 .bss           0x00000000        0x0 RemoteController.o
 .text          0x00000000        0x0 ../../../../Library/TWI/TWI/Debug\libTWI.a(TWI.o)
 .data          0x00000000        0x0 ../../../../Library/TWI/TWI/Debug\libTWI.a(TWI.o)
 .bss           0x00000000        0x0 ../../../../Library/TWI/TWI/Debug\libTWI.a(TWI.o)
 .text.Receive  0x00000000      0x152 ../../../../Library/TWI/TWI/Debug\libTWI.a(TWI.o)
 .text.TwiMasterReceive
                0x00000000       0xcc ../../../../Library/TWI/TWI/Debug\libTWI.a(TWI.o)
 .text.TwiReceive
                0x00000000       0x90 ../../../../Library/TWI/TWI/Debug\libTWI.a(TWI.o)
 .text          0x00000000        0x0 ../../../../Library/Trace/Trace/Debug\libTrace.a(Trace.o)
 .data          0x00000000        0x0 ../../../../Library/Trace/Trace/Debug\libTrace.a(Trace.o)
 .bss           0x00000000        0x0 ../../../../Library/Trace/Trace/Debug\libTrace.a(Trace.o)
 .text          0x00000000        0x0 ../../../../Library/ADC/ADC/Debug\libADC.a(ADC.o)
 .data          0x00000000        0x0 ../../../../Library/ADC/ADC/Debug\libADC.a(ADC.o)
 .bss           0x00000000        0x0 ../../../../Library/ADC/ADC/Debug\libADC.a(ADC.o)
 .text          0x00000000        0x0 ../../../../Library/LCD/LCD/Debug\libLCD.a(LCD.o)
 .data          0x00000000        0x0 ../../../../Library/LCD/LCD/Debug\libLCD.a(LCD.o)
 .bss           0x00000000        0x0 ../../../../Library/LCD/LCD/Debug\libLCD.a(LCD.o)
 .text          0x00000000        0x0 ../../../../Library/ExtInt/ExtInt/Debug\libExtInt.a(ExtInt.o)
 .data          0x00000000        0x0 ../../../../Library/ExtInt/ExtInt/Debug\libExtInt.a(ExtInt.o)
 .bss           0x00000000        0x0 ../../../../Library/ExtInt/ExtInt/Debug\libExtInt.a(ExtInt.o)
 .text.UnRegisterExtInterrupt
                0x00000000       0x7a ../../../../Library/ExtInt/ExtInt/Debug\libExtInt.a(ExtInt.o)
 .text.MaskExtInterrupt
                0x00000000       0x40 ../../../../Library/ExtInt/ExtInt/Debug\libExtInt.a(ExtInt.o)
 .text.UnMaskExtInterrupt
                0x00000000       0x3e ../../../../Library/ExtInt/ExtInt/Debug\libExtInt.a(ExtInt.o)
 .text          0x00000000        0x0 ../../../../Library/XY-MK-5V-XY-FST/XY-MK-5V-XY-FST/Debug\libXY-MK-5V-XY-FST.a(XY-MK-5V-XY-FST.o)
 .bss           0x00000000        0x0 ../../../../Library/XY-MK-5V-XY-FST/XY-MK-5V-XY-FST/Debug\libXY-MK-5V-XY-FST.a(XY-MK-5V-XY-FST.o)
 .text          0x00000000        0x0 c:/program files (x86)/atmel/atmel toolchain/avr8 gcc/native/3.4.1061/avr8-gnu-toolchain/bin/../lib/gcc/avr/4.8.1/../../../../avr/lib/avr51\libm.a(addsf3.o)
 .data          0x00000000        0x0 c:/program files (x86)/atmel/atmel toolchain/avr8 gcc/native/3.4.1061/avr8-gnu-toolchain/bin/../lib/gcc/avr/4.8.1/../../../../avr/lib/avr51\libm.a(addsf3.o)
 .bss           0x00000000        0x0 c:/program files (x86)/atmel/atmel toolchain/avr8 gcc/native/3.4.1061/avr8-gnu-toolchain/bin/../lib/gcc/avr/4.8.1/../../../../avr/lib/avr51\libm.a(addsf3.o)
 .text          0x00000000        0x0 c:/program files (x86)/atmel/atmel toolchain/avr8 gcc/native/3.4.1061/avr8-gnu-toolchain/bin/../lib/gcc/avr/4.8.1/../../../../avr/lib/avr51\libm.a(addsf3x.o)
 .data          0x00000000        0x0 c:/program files (x86)/atmel/atmel toolchain/avr8 gcc/native/3.4.1061/avr8-gnu-toolchain/bin/../lib/gcc/avr/4.8.1/../../../../avr/lib/avr51\libm.a(addsf3x.o)
 .bss           0x00000000        0x0 c:/program files (x86)/atmel/atmel toolchain/avr8 gcc/native/3.4.1061/avr8-gnu-toolchain/bin/../lib/gcc/avr/4.8.1/../../../../avr/lib/avr51\libm.a(addsf3x.o)
 .text          0x00000000        0x0 c:/program files (x86)/atmel/atmel toolchain/avr8 gcc/native/3.4.1061/avr8-gnu-toolchain/bin/../lib/gcc/avr/4.8.1/../../../../avr/lib/avr51\libm.a(cmpsf2.o)
 .data          0x00000000        0x0 c:/program files (x86)/atmel/atmel toolchain/avr8 gcc/native/3.4.1061/avr8-gnu-toolchain/bin/../lib/gcc/avr/4.8.1/../../../../avr/lib/avr51\libm.a(cmpsf2.o)
 .bss           0x00000000        0x0 c:/program files (x86)/atmel/atmel toolchain/avr8 gcc/native/3.4.1061/avr8-gnu-toolchain/bin/../lib/gcc/avr/4.8.1/../../../../avr/lib/avr51\libm.a(cmpsf2.o)
 .text          0x00000000        0x0 c:/program files (x86)/atmel/atmel toolchain/avr8 gcc/native/3.4.1061/avr8-gnu-toolchain/bin/../lib/gcc/avr/4.8.1/../../../../avr/lib/avr51\libm.a(fixsfdi.o)
 .data          0x00000000        0x0 c:/program files (x86)/atmel/atmel toolchain/avr8 gcc/native/3.4.1061/avr8-gnu-toolchain/bin/../lib/gcc/avr/4.8.1/../../../../avr/lib/avr51\libm.a(fixsfdi.o)
 .bss           0x00000000        0x0 c:/program files (x86)/atmel/atmel toolchain/avr8 gcc/native/3.4.1061/avr8-gnu-toolchain/bin/../lib/gcc/avr/4.8.1/../../../../avr/lib/avr51\libm.a(fixsfdi.o)
 .text          0x00000000        0x0 c:/program files (x86)/atmel/atmel toolchain/avr8 gcc/native/3.4.1061/avr8-gnu-toolchain/bin/../lib/gcc/avr/4.8.1/../../../../avr/lib/avr51\libm.a(fixunssfsi.o)
 .data          0x00000000        0x0 c:/program files (x86)/atmel/atmel toolchain/avr8 gcc/native/3.4.1061/avr8-gnu-toolchain/bin/../lib/gcc/avr/4.8.1/../../../../avr/lib/avr51\libm.a(fixunssfsi.o)
 .bss           0x00000000        0x0 c:/program files (x86)/atmel/atmel toolchain/avr8 gcc/native/3.4.1061/avr8-gnu-toolchain/bin/../lib/gcc/avr/4.8.1/../../../../avr/lib/avr51\libm.a(fixunssfsi.o)
 .text          0x00000000        0x0 c:/program files (x86)/atmel/atmel toolchain/avr8 gcc/native/3.4.1061/avr8-gnu-toolchain/bin/../lib/gcc/avr/4.8.1/../../../../avr/lib/avr51\libm.a(floatdisf.o)
 .data          0x00000000        0x0 c:/program files (x86)/atmel/atmel toolchain/avr8 gcc/native/3.4.1061/avr8-gnu-toolchain/bin/../lib/gcc/avr/4.8.1/../../../../avr/lib/avr51\libm.a(floatdisf.o)
 .bss           0x00000000        0x0 c:/program files (x86)/atmel/atmel toolchain/avr8 gcc/native/3.4.1061/avr8-gnu-toolchain/bin/../lib/gcc/avr/4.8.1/../../../../avr/lib/avr51\libm.a(floatdisf.o)
 .text          0x00000000        0x0 c:/program files (x86)/atmel/atmel toolchain/avr8 gcc/native/3.4.1061/avr8-gnu-toolchain/bin/../lib/gcc/avr/4.8.1/../../../../avr/lib/avr51\libm.a(floatsisf.o)
 .data          0x00000000        0x0 c:/program files (x86)/atmel/atmel toolchain/avr8 gcc/native/3.4.1061/avr8-gnu-toolchain/bin/../lib/gcc/avr/4.8.1/../../../../avr/lib/avr51\libm.a(floatsisf.o)
 .bss           0x00000000        0x0 c:/program files (x86)/atmel/atmel toolchain/avr8 gcc/native/3.4.1061/avr8-gnu-toolchain/bin/../lib/gcc/avr/4.8.1/../../../../avr/lib/avr51\libm.a(floatsisf.o)
 .text          0x00000000        0x0 c:/program files (x86)/atmel/atmel toolchain/avr8 gcc/native/3.4.1061/avr8-gnu-toolchain/bin/../lib/gcc/avr/4.8.1/../../../../avr/lib/avr51\libm.a(floatundisf.o)
 .data          0x00000000        0x0 c:/program files (x86)/atmel/atmel toolchain/avr8 gcc/native/3.4.1061/avr8-gnu-toolchain/bin/../lib/gcc/avr/4.8.1/../../../../avr/lib/avr51\libm.a(floatundisf.o)
 .bss           0x00000000        0x0 c:/program files (x86)/atmel/atmel toolchain/avr8 gcc/native/3.4.1061/avr8-gnu-toolchain/bin/../lib/gcc/avr/4.8.1/../../../../avr/lib/avr51\libm.a(floatundisf.o)
 .text          0x00000000        0x0 c:/program files (x86)/atmel/atmel toolchain/avr8 gcc/native/3.4.1061/avr8-gnu-toolchain/bin/../lib/gcc/avr/4.8.1/../../../../avr/lib/avr51\libm.a(fp_cmp.o)
 .data          0x00000000        0x0 c:/program files (x86)/atmel/atmel toolchain/avr8 gcc/native/3.4.1061/avr8-gnu-toolchain/bin/../lib/gcc/avr/4.8.1/../../../../avr/lib/avr51\libm.a(fp_cmp.o)
 .bss           0x00000000        0x0 c:/program files (x86)/atmel/atmel toolchain/avr8 gcc/native/3.4.1061/avr8-gnu-toolchain/bin/../lib/gcc/avr/4.8.1/../../../../avr/lib/avr51\libm.a(fp_cmp.o)
 .text          0x00000000        0x0 c:/program files (x86)/atmel/atmel toolchain/avr8 gcc/native/3.4.1061/avr8-gnu-toolchain/bin/../lib/gcc/avr/4.8.1/../../../../avr/lib/avr51\libm.a(fp_inf.o)
 .data          0x00000000        0x0 c:/program files (x86)/atmel/atmel toolchain/avr8 gcc/native/3.4.1061/avr8-gnu-toolchain/bin/../lib/gcc/avr/4.8.1/../../../../avr/lib/avr51\libm.a(fp_inf.o)
 .bss           0x00000000        0x0 c:/program files (x86)/atmel/atmel toolchain/avr8 gcc/native/3.4.1061/avr8-gnu-toolchain/bin/../lib/gcc/avr/4.8.1/../../../../avr/lib/avr51\libm.a(fp_inf.o)
 .text          0x00000000        0x0 c:/program files (x86)/atmel/atmel toolchain/avr8 gcc/native/3.4.1061/avr8-gnu-toolchain/bin/../lib/gcc/avr/4.8.1/../../../../avr/lib/avr51\libm.a(fp_nan.o)
 .data          0x00000000        0x0 c:/program files (x86)/atmel/atmel toolchain/avr8 gcc/native/3.4.1061/avr8-gnu-toolchain/bin/../lib/gcc/avr/4.8.1/../../../../avr/lib/avr51\libm.a(fp_nan.o)
 .bss           0x00000000        0x0 c:/program files (x86)/atmel/atmel toolchain/avr8 gcc/native/3.4.1061/avr8-gnu-toolchain/bin/../lib/gcc/avr/4.8.1/../../../../avr/lib/avr51\libm.a(fp_nan.o)
 .text          0x00000000        0x0 c:/program files (x86)/atmel/atmel toolchain/avr8 gcc/native/3.4.1061/avr8-gnu-toolchain/bin/../lib/gcc/avr/4.8.1/../../../../avr/lib/avr51\libm.a(fp_negdi.o)
 .data          0x00000000        0x0 c:/program files (x86)/atmel/atmel toolchain/avr8 gcc/native/3.4.1061/avr8-gnu-toolchain/bin/../lib/gcc/avr/4.8.1/../../../../avr/lib/avr51\libm.a(fp_negdi.o)
 .bss           0x00000000        0x0 c:/program files (x86)/atmel/atmel toolchain/avr8 gcc/native/3.4.1061/avr8-gnu-toolchain/bin/../lib/gcc/avr/4.8.1/../../../../avr/lib/avr51\libm.a(fp_negdi.o)
 .text          0x00000000        0x0 c:/program files (x86)/atmel/atmel toolchain/avr8 gcc/native/3.4.1061/avr8-gnu-toolchain/bin/../lib/gcc/avr/4.8.1/../../../../avr/lib/avr51\libm.a(fp_pscA.o)
 .data          0x00000000        0x0 c:/program files (x86)/atmel/atmel toolchain/avr8 gcc/native/3.4.1061/avr8-gnu-toolchain/bin/../lib/gcc/avr/4.8.1/../../../../avr/lib/avr51\libm.a(fp_pscA.o)
 .bss           0x00000000        0x0 c:/program files (x86)/atmel/atmel toolchain/avr8 gcc/native/3.4.1061/avr8-gnu-toolchain/bin/../lib/gcc/avr/4.8.1/../../../../avr/lib/avr51\libm.a(fp_pscA.o)
 .text          0x00000000        0x0 c:/program files (x86)/atmel/atmel toolchain/avr8 gcc/native/3.4.1061/avr8-gnu-toolchain/bin/../lib/gcc/avr/4.8.1/../../../../avr/lib/avr51\libm.a(fp_pscB.o)
 .data          0x00000000        0x0 c:/program files (x86)/atmel/atmel toolchain/avr8 gcc/native/3.4.1061/avr8-gnu-toolchain/bin/../lib/gcc/avr/4.8.1/../../../../avr/lib/avr51\libm.a(fp_pscB.o)
 .bss           0x00000000        0x0 c:/program files (x86)/atmel/atmel toolchain/avr8 gcc/native/3.4.1061/avr8-gnu-toolchain/bin/../lib/gcc/avr/4.8.1/../../../../avr/lib/avr51\libm.a(fp_pscB.o)
 .text          0x00000000        0x0 c:/program files (x86)/atmel/atmel toolchain/avr8 gcc/native/3.4.1061/avr8-gnu-toolchain/bin/../lib/gcc/avr/4.8.1/../../../../avr/lib/avr51\libm.a(fp_round.o)
 .data          0x00000000        0x0 c:/program files (x86)/atmel/atmel toolchain/avr8 gcc/native/3.4.1061/avr8-gnu-toolchain/bin/../lib/gcc/avr/4.8.1/../../../../avr/lib/avr51\libm.a(fp_round.o)
 .bss           0x00000000        0x0 c:/program files (x86)/atmel/atmel toolchain/avr8 gcc/native/3.4.1061/avr8-gnu-toolchain/bin/../lib/gcc/avr/4.8.1/../../../../avr/lib/avr51\libm.a(fp_round.o)
 .text          0x00000000        0x0 c:/program files (x86)/atmel/atmel toolchain/avr8 gcc/native/3.4.1061/avr8-gnu-toolchain/bin/../lib/gcc/avr/4.8.1/../../../../avr/lib/avr51\libm.a(fp_split3.o)
 .data          0x00000000        0x0 c:/program files (x86)/atmel/atmel toolchain/avr8 gcc/native/3.4.1061/avr8-gnu-toolchain/bin/../lib/gcc/avr/4.8.1/../../../../avr/lib/avr51\libm.a(fp_split3.o)
 .bss           0x00000000        0x0 c:/program files (x86)/atmel/atmel toolchain/avr8 gcc/native/3.4.1061/avr8-gnu-toolchain/bin/../lib/gcc/avr/4.8.1/../../../../avr/lib/avr51\libm.a(fp_split3.o)
 .text          0x00000000        0x0 c:/program files (x86)/atmel/atmel toolchain/avr8 gcc/native/3.4.1061/avr8-gnu-toolchain/bin/../lib/gcc/avr/4.8.1/../../../../avr/lib/avr51\libm.a(fp_zero.o)
 .data          0x00000000        0x0 c:/program files (x86)/atmel/atmel toolchain/avr8 gcc/native/3.4.1061/avr8-gnu-toolchain/bin/../lib/gcc/avr/4.8.1/../../../../avr/lib/avr51\libm.a(fp_zero.o)
 .bss           0x00000000        0x0 c:/program files (x86)/atmel/atmel toolchain/avr8 gcc/native/3.4.1061/avr8-gnu-toolchain/bin/../lib/gcc/avr/4.8.1/../../../../avr/lib/avr51\libm.a(fp_zero.o)
 .text          0x00000000        0x0 c:/program files (x86)/atmel/atmel toolchain/avr8 gcc/native/3.4.1061/avr8-gnu-toolchain/bin/../lib/gcc/avr/4.8.1/../../../../avr/lib/avr51\libm.a(mulsf3.o)
 .data          0x00000000        0x0 c:/program files (x86)/atmel/atmel toolchain/avr8 gcc/native/3.4.1061/avr8-gnu-toolchain/bin/../lib/gcc/avr/4.8.1/../../../../avr/lib/avr51\libm.a(mulsf3.o)
 .bss           0x00000000        0x0 c:/program files (x86)/atmel/atmel toolchain/avr8 gcc/native/3.4.1061/avr8-gnu-toolchain/bin/../lib/gcc/avr/4.8.1/../../../../avr/lib/avr51\libm.a(mulsf3.o)
 .text          0x00000000        0x0 c:/program files (x86)/atmel/atmel toolchain/avr8 gcc/native/3.4.1061/avr8-gnu-toolchain/bin/../lib/gcc/avr/4.8.1/../../../../avr/lib/avr51\libm.a(mulsf3x.o)
 .data          0x00000000        0x0 c:/program files (x86)/atmel/atmel toolchain/avr8 gcc/native/3.4.1061/avr8-gnu-toolchain/bin/../lib/gcc/avr/4.8.1/../../../../avr/lib/avr51\libm.a(mulsf3x.o)
 .bss           0x00000000        0x0 c:/program files (x86)/atmel/atmel toolchain/avr8 gcc/native/3.4.1061/avr8-gnu-toolchain/bin/../lib/gcc/avr/4.8.1/../../../../avr/lib/avr51\libm.a(mulsf3x.o)
 .text          0x00000000        0x0 ../../../../Library/UART/UART/Debug\libUART.a(UART.o)
 .data          0x00000000        0x0 ../../../../Library/UART/UART/Debug\libUART.a(UART.o)
 .bss           0x00000000        0x0 ../../../../Library/UART/UART/Debug\libUART.a(UART.o)
 .text.UARTEnableDisableTransmitter
                0x00000000       0x7a ../../../../Library/UART/UART/Debug\libUART.a(UART.o)
 .text.UARTEnableDisableReceiveCompleteInterrupt
                0x00000000       0xd2 ../../../../Library/UART/UART/Debug\libUART.a(UART.o)
 .text.UARTEnableDisableTransmitCompleteInterrupt
                0x00000000       0xd2 ../../../../Library/UART/UART/Debug\libUART.a(UART.o)
 .text          0x00000000        0x0 c:/program files (x86)/atmel/atmel toolchain/avr8 gcc/native/3.4.1061/avr8-gnu-toolchain/bin/../lib/gcc/avr/4.8.1/../../../../avr/lib/avr51\libm.a(fixsfsi.o)
 .data          0x00000000        0x0 c:/program files (x86)/atmel/atmel toolchain/avr8 gcc/native/3.4.1061/avr8-gnu-toolchain/bin/../lib/gcc/avr/4.8.1/../../../../avr/lib/avr51\libm.a(fixsfsi.o)
 .bss           0x00000000        0x0 c:/program files (x86)/atmel/atmel toolchain/avr8 gcc/native/3.4.1061/avr8-gnu-toolchain/bin/../lib/gcc/avr/4.8.1/../../../../avr/lib/avr51\libm.a(fixsfsi.o)
 .text          0x00000000        0x0 c:/program files (x86)/atmel/atmel toolchain/avr8 gcc/native/3.4.1061/avr8-gnu-toolchain/bin/../lib/gcc/avr/4.8.1/avr51\libgcc.a(_divmodhi4.o)
 .data          0x00000000        0x0 c:/program files (x86)/atmel/atmel toolchain/avr8 gcc/native/3.4.1061/avr8-gnu-toolchain/bin/../lib/gcc/avr/4.8.1/avr51\libgcc.a(_divmodhi4.o)
 .bss           0x00000000        0x0 c:/program files (x86)/atmel/atmel toolchain/avr8 gcc/native/3.4.1061/avr8-gnu-toolchain/bin/../lib/gcc/avr/4.8.1/avr51\libgcc.a(_divmodhi4.o)
 .text.libgcc.mul
                0x00000000        0x0 c:/program files (x86)/atmel/atmel toolchain/avr8 gcc/native/3.4.1061/avr8-gnu-toolchain/bin/../lib/gcc/avr/4.8.1/avr51\libgcc.a(_divmodhi4.o)
 .text.libgcc   0x00000000        0x0 c:/program files (x86)/atmel/atmel toolchain/avr8 gcc/native/3.4.1061/avr8-gnu-toolchain/bin/../lib/gcc/avr/4.8.1/avr51\libgcc.a(_divmodhi4.o)
 .text.libgcc.prologue
                0x00000000        0x0 c:/program files (x86)/atmel/atmel toolchain/avr8 gcc/native/3.4.1061/avr8-gnu-toolchain/bin/../lib/gcc/avr/4.8.1/avr51\libgcc.a(_divmodhi4.o)
 .text.libgcc.builtins
                0x00000000        0x0 c:/program files (x86)/atmel/atmel toolchain/avr8 gcc/native/3.4.1061/avr8-gnu-toolchain/bin/../lib/gcc/avr/4.8.1/avr51\libgcc.a(_divmodhi4.o)
 .text.libgcc.fmul
                0x00000000        0x0 c:/program files (x86)/atmel/atmel toolchain/avr8 gcc/native/3.4.1061/avr8-gnu-toolchain/bin/../lib/gcc/avr/4.8.1/avr51\libgcc.a(_divmodhi4.o)
 .text.libgcc.fixed
                0x00000000        0x0 c:/program files (x86)/atmel/atmel toolchain/avr8 gcc/native/3.4.1061/avr8-gnu-toolchain/bin/../lib/gcc/avr/4.8.1/avr51\libgcc.a(_divmodhi4.o)
 .text          0x00000000        0x0 c:/program files (x86)/atmel/atmel toolchain/avr8 gcc/native/3.4.1061/avr8-gnu-toolchain/bin/../lib/gcc/avr/4.8.1/avr51\libgcc.a(_exit.o)
 .data          0x00000000        0x0 c:/program files (x86)/atmel/atmel toolchain/avr8 gcc/native/3.4.1061/avr8-gnu-toolchain/bin/../lib/gcc/avr/4.8.1/avr51\libgcc.a(_exit.o)
 .bss           0x00000000        0x0 c:/program files (x86)/atmel/atmel toolchain/avr8 gcc/native/3.4.1061/avr8-gnu-toolchain/bin/../lib/gcc/avr/4.8.1/avr51\libgcc.a(_exit.o)
 .text.libgcc.mul
                0x00000000        0x0 c:/program files (x86)/atmel/atmel toolchain/avr8 gcc/native/3.4.1061/avr8-gnu-toolchain/bin/../lib/gcc/avr/4.8.1/avr51\libgcc.a(_exit.o)
 .text.libgcc.div
                0x00000000        0x0 c:/program files (x86)/atmel/atmel toolchain/avr8 gcc/native/3.4.1061/avr8-gnu-toolchain/bin/../lib/gcc/avr/4.8.1/avr51\libgcc.a(_exit.o)
 .text.libgcc   0x00000000        0x0 c:/program files (x86)/atmel/atmel toolchain/avr8 gcc/native/3.4.1061/avr8-gnu-toolchain/bin/../lib/gcc/avr/4.8.1/avr51\libgcc.a(_exit.o)
 .text.libgcc.prologue
                0x00000000        0x0 c:/program files (x86)/atmel/atmel toolchain/avr8 gcc/native/3.4.1061/avr8-gnu-toolchain/bin/../lib/gcc/avr/4.8.1/avr51\libgcc.a(_exit.o)
 .text.libgcc.builtins
                0x00000000        0x0 c:/program files (x86)/atmel/atmel toolchain/avr8 gcc/native/3.4.1061/avr8-gnu-toolchain/bin/../lib/gcc/avr/4.8.1/avr51\libgcc.a(_exit.o)
 .text.libgcc.fmul
                0x00000000        0x0 c:/program files (x86)/atmel/atmel toolchain/avr8 gcc/native/3.4.1061/avr8-gnu-toolchain/bin/../lib/gcc/avr/4.8.1/avr51\libgcc.a(_exit.o)
 .text.libgcc.fixed
                0x00000000        0x0 c:/program files (x86)/atmel/atmel toolchain/avr8 gcc/native/3.4.1061/avr8-gnu-toolchain/bin/../lib/gcc/avr/4.8.1/avr51\libgcc.a(_exit.o)
 .text          0x00000000        0x0 c:/program files (x86)/atmel/atmel toolchain/avr8 gcc/native/3.4.1061/avr8-gnu-toolchain/bin/../lib/gcc/avr/4.8.1/avr51\libgcc.a(_tablejump.o)
 .data          0x00000000        0x0 c:/program files (x86)/atmel/atmel toolchain/avr8 gcc/native/3.4.1061/avr8-gnu-toolchain/bin/../lib/gcc/avr/4.8.1/avr51\libgcc.a(_tablejump.o)
 .bss           0x00000000        0x0 c:/program files (x86)/atmel/atmel toolchain/avr8 gcc/native/3.4.1061/avr8-gnu-toolchain/bin/../lib/gcc/avr/4.8.1/avr51\libgcc.a(_tablejump.o)
 .text.libgcc.mul
                0x00000000        0x0 c:/program files (x86)/atmel/atmel toolchain/avr8 gcc/native/3.4.1061/avr8-gnu-toolchain/bin/../lib/gcc/avr/4.8.1/avr51\libgcc.a(_tablejump.o)
 .text.libgcc.div
                0x00000000        0x0 c:/program files (x86)/atmel/atmel toolchain/avr8 gcc/native/3.4.1061/avr8-gnu-toolchain/bin/../lib/gcc/avr/4.8.1/avr51\libgcc.a(_tablejump.o)
 .text.libgcc.prologue
                0x00000000        0x0 c:/program files (x86)/atmel/atmel toolchain/avr8 gcc/native/3.4.1061/avr8-gnu-toolchain/bin/../lib/gcc/avr/4.8.1/avr51\libgcc.a(_tablejump.o)
 .text.libgcc.builtins
                0x00000000        0x0 c:/program files (x86)/atmel/atmel toolchain/avr8 gcc/native/3.4.1061/avr8-gnu-toolchain/bin/../lib/gcc/avr/4.8.1/avr51\libgcc.a(_tablejump.o)
 .text.libgcc.fmul
                0x00000000        0x0 c:/program files (x86)/atmel/atmel toolchain/avr8 gcc/native/3.4.1061/avr8-gnu-toolchain/bin/../lib/gcc/avr/4.8.1/avr51\libgcc.a(_tablejump.o)
 .text.libgcc.fixed
                0x00000000        0x0 c:/program files (x86)/atmel/atmel toolchain/avr8 gcc/native/3.4.1061/avr8-gnu-toolchain/bin/../lib/gcc/avr/4.8.1/avr51\libgcc.a(_tablejump.o)
 .text          0x00000000        0x0 c:/program files (x86)/atmel/atmel toolchain/avr8 gcc/native/3.4.1061/avr8-gnu-toolchain/bin/../lib/gcc/avr/4.8.1/avr51\libgcc.a(_copy_data.o)
 .data          0x00000000        0x0 c:/program files (x86)/atmel/atmel toolchain/avr8 gcc/native/3.4.1061/avr8-gnu-toolchain/bin/../lib/gcc/avr/4.8.1/avr51\libgcc.a(_copy_data.o)
 .bss           0x00000000        0x0 c:/program files (x86)/atmel/atmel toolchain/avr8 gcc/native/3.4.1061/avr8-gnu-toolchain/bin/../lib/gcc/avr/4.8.1/avr51\libgcc.a(_copy_data.o)
 .text.libgcc.mul
                0x00000000        0x0 c:/program files (x86)/atmel/atmel toolchain/avr8 gcc/native/3.4.1061/avr8-gnu-toolchain/bin/../lib/gcc/avr/4.8.1/avr51\libgcc.a(_copy_data.o)
 .text.libgcc.div
                0x00000000        0x0 c:/program files (x86)/atmel/atmel toolchain/avr8 gcc/native/3.4.1061/avr8-gnu-toolchain/bin/../lib/gcc/avr/4.8.1/avr51\libgcc.a(_copy_data.o)
 .text.libgcc   0x00000000        0x0 c:/program files (x86)/atmel/atmel toolchain/avr8 gcc/native/3.4.1061/avr8-gnu-toolchain/bin/../lib/gcc/avr/4.8.1/avr51\libgcc.a(_copy_data.o)
 .text.libgcc.prologue
                0x00000000        0x0 c:/program files (x86)/atmel/atmel toolchain/avr8 gcc/native/3.4.1061/avr8-gnu-toolchain/bin/../lib/gcc/avr/4.8.1/avr51\libgcc.a(_copy_data.o)
 .text.libgcc.builtins
                0x00000000        0x0 c:/program files (x86)/atmel/atmel toolchain/avr8 gcc/native/3.4.1061/avr8-gnu-toolchain/bin/../lib/gcc/avr/4.8.1/avr51\libgcc.a(_copy_data.o)
 .text.libgcc.fmul
                0x00000000        0x0 c:/program files (x86)/atmel/atmel toolchain/avr8 gcc/native/3.4.1061/avr8-gnu-toolchain/bin/../lib/gcc/avr/4.8.1/avr51\libgcc.a(_copy_data.o)
 .text.libgcc.fixed
                0x00000000        0x0 c:/program files (x86)/atmel/atmel toolchain/avr8 gcc/native/3.4.1061/avr8-gnu-toolchain/bin/../lib/gcc/avr/4.8.1/avr51\libgcc.a(_copy_data.o)
 .text          0x00000000        0x0 c:/program files (x86)/atmel/atmel toolchain/avr8 gcc/native/3.4.1061/avr8-gnu-toolchain/bin/../lib/gcc/avr/4.8.1/avr51\libgcc.a(_clear_bss.o)
 .data          0x00000000        0x0 c:/program files (x86)/atmel/atmel toolchain/avr8 gcc/native/3.4.1061/avr8-gnu-toolchain/bin/../lib/gcc/avr/4.8.1/avr51\libgcc.a(_clear_bss.o)
 .bss           0x00000000        0x0 c:/program files (x86)/atmel/atmel toolchain/avr8 gcc/native/3.4.1061/avr8-gnu-toolchain/bin/../lib/gcc/avr/4.8.1/avr51\libgcc.a(_clear_bss.o)
 .text.libgcc.mul
                0x00000000        0x0 c:/program files (x86)/atmel/atmel toolchain/avr8 gcc/native/3.4.1061/avr8-gnu-toolchain/bin/../lib/gcc/avr/4.8.1/avr51\libgcc.a(_clear_bss.o)
 .text.libgcc.div
                0x00000000        0x0 c:/program files (x86)/atmel/atmel toolchain/avr8 gcc/native/3.4.1061/avr8-gnu-toolchain/bin/../lib/gcc/avr/4.8.1/avr51\libgcc.a(_clear_bss.o)
 .text.libgcc   0x00000000        0x0 c:/program files (x86)/atmel/atmel toolchain/avr8 gcc/native/3.4.1061/avr8-gnu-toolchain/bin/../lib/gcc/avr/4.8.1/avr51\libgcc.a(_clear_bss.o)
 .text.libgcc.prologue
                0x00000000        0x0 c:/program files (x86)/atmel/atmel toolchain/avr8 gcc/native/3.4.1061/avr8-gnu-toolchain/bin/../lib/gcc/avr/4.8.1/avr51\libgcc.a(_clear_bss.o)
 .text.libgcc.builtins
                0x00000000        0x0 c:/program files (x86)/atmel/atmel toolchain/avr8 gcc/native/3.4.1061/avr8-gnu-toolchain/bin/../lib/gcc/avr/4.8.1/avr51\libgcc.a(_clear_bss.o)
 .text.libgcc.fmul
                0x00000000        0x0 c:/program files (x86)/atmel/atmel toolchain/avr8 gcc/native/3.4.1061/avr8-gnu-toolchain/bin/../lib/gcc/avr/4.8.1/avr51\libgcc.a(_clear_bss.o)
 .text.libgcc.fixed
                0x00000000        0x0 c:/program files (x86)/atmel/atmel toolchain/avr8 gcc/native/3.4.1061/avr8-gnu-toolchain/bin/../lib/gcc/avr/4.8.1/avr51\libgcc.a(_clear_bss.o)
 .text          0x00000000        0x0 c:/program files (x86)/atmel/atmel toolchain/avr8 gcc/native/3.4.1061/avr8-gnu-toolchain/bin/../lib/gcc/avr/4.8.1/avr51\libgcc.a(_divdi3.o)
 .data          0x00000000        0x0 c:/program files (x86)/atmel/atmel toolchain/avr8 gcc/native/3.4.1061/avr8-gnu-toolchain/bin/../lib/gcc/avr/4.8.1/avr51\libgcc.a(_divdi3.o)
 .bss           0x00000000        0x0 c:/program files (x86)/atmel/atmel toolchain/avr8 gcc/native/3.4.1061/avr8-gnu-toolchain/bin/../lib/gcc/avr/4.8.1/avr51\libgcc.a(_divdi3.o)
 .text.libgcc.mul
                0x00000000        0x0 c:/program files (x86)/atmel/atmel toolchain/avr8 gcc/native/3.4.1061/avr8-gnu-toolchain/bin/../lib/gcc/avr/4.8.1/avr51\libgcc.a(_divdi3.o)
 .text.libgcc   0x00000000        0x0 c:/program files (x86)/atmel/atmel toolchain/avr8 gcc/native/3.4.1061/avr8-gnu-toolchain/bin/../lib/gcc/avr/4.8.1/avr51\libgcc.a(_divdi3.o)
 .text.libgcc.prologue
                0x00000000        0x0 c:/program files (x86)/atmel/atmel toolchain/avr8 gcc/native/3.4.1061/avr8-gnu-toolchain/bin/../lib/gcc/avr/4.8.1/avr51\libgcc.a(_divdi3.o)
 .text.libgcc.builtins
                0x00000000        0x0 c:/program files (x86)/atmel/atmel toolchain/avr8 gcc/native/3.4.1061/avr8-gnu-toolchain/bin/../lib/gcc/avr/4.8.1/avr51\libgcc.a(_divdi3.o)
 .text.libgcc.fmul
                0x00000000        0x0 c:/program files (x86)/atmel/atmel toolchain/avr8 gcc/native/3.4.1061/avr8-gnu-toolchain/bin/../lib/gcc/avr/4.8.1/avr51\libgcc.a(_divdi3.o)
 .text.libgcc.fixed
                0x00000000        0x0 c:/program files (x86)/atmel/atmel toolchain/avr8 gcc/native/3.4.1061/avr8-gnu-toolchain/bin/../lib/gcc/avr/4.8.1/avr51\libgcc.a(_divdi3.o)
 .text          0x00000000        0x0 c:/program files (x86)/atmel/atmel toolchain/avr8 gcc/native/3.4.1061/avr8-gnu-toolchain/bin/../lib/gcc/avr/4.8.1/avr51\libgcc.a(_udivdi3.o)
 .data          0x00000000        0x0 c:/program files (x86)/atmel/atmel toolchain/avr8 gcc/native/3.4.1061/avr8-gnu-toolchain/bin/../lib/gcc/avr/4.8.1/avr51\libgcc.a(_udivdi3.o)
 .bss           0x00000000        0x0 c:/program files (x86)/atmel/atmel toolchain/avr8 gcc/native/3.4.1061/avr8-gnu-toolchain/bin/../lib/gcc/avr/4.8.1/avr51\libgcc.a(_udivdi3.o)
 .text.libgcc.mul
                0x00000000        0x0 c:/program files (x86)/atmel/atmel toolchain/avr8 gcc/native/3.4.1061/avr8-gnu-toolchain/bin/../lib/gcc/avr/4.8.1/avr51\libgcc.a(_udivdi3.o)
 .text.libgcc   0x00000000        0x0 c:/program files (x86)/atmel/atmel toolchain/avr8 gcc/native/3.4.1061/avr8-gnu-toolchain/bin/../lib/gcc/avr/4.8.1/avr51\libgcc.a(_udivdi3.o)
 .text.libgcc.prologue
                0x00000000        0x0 c:/program files (x86)/atmel/atmel toolchain/avr8 gcc/native/3.4.1061/avr8-gnu-toolchain/bin/../lib/gcc/avr/4.8.1/avr51\libgcc.a(_udivdi3.o)
 .text.libgcc.builtins
                0x00000000        0x0 c:/program files (x86)/atmel/atmel toolchain/avr8 gcc/native/3.4.1061/avr8-gnu-toolchain/bin/../lib/gcc/avr/4.8.1/avr51\libgcc.a(_udivdi3.o)
 .text.libgcc.fmul
                0x00000000        0x0 c:/program files (x86)/atmel/atmel toolchain/avr8 gcc/native/3.4.1061/avr8-gnu-toolchain/bin/../lib/gcc/avr/4.8.1/avr51\libgcc.a(_udivdi3.o)
 .text.libgcc.fixed
                0x00000000        0x0 c:/program files (x86)/atmel/atmel toolchain/avr8 gcc/native/3.4.1061/avr8-gnu-toolchain/bin/../lib/gcc/avr/4.8.1/avr51\libgcc.a(_udivdi3.o)
 .text          0x00000000        0x0 c:/program files (x86)/atmel/atmel toolchain/avr8 gcc/native/3.4.1061/avr8-gnu-toolchain/bin/../lib/gcc/avr/4.8.1/avr51\libgcc.a(_udivmod64.o)
 .data          0x00000000        0x0 c:/program files (x86)/atmel/atmel toolchain/avr8 gcc/native/3.4.1061/avr8-gnu-toolchain/bin/../lib/gcc/avr/4.8.1/avr51\libgcc.a(_udivmod64.o)
 .bss           0x00000000        0x0 c:/program files (x86)/atmel/atmel toolchain/avr8 gcc/native/3.4.1061/avr8-gnu-toolchain/bin/../lib/gcc/avr/4.8.1/avr51\libgcc.a(_udivmod64.o)
 .text.libgcc.mul
                0x00000000        0x0 c:/program files (x86)/atmel/atmel toolchain/avr8 gcc/native/3.4.1061/avr8-gnu-toolchain/bin/../lib/gcc/avr/4.8.1/avr51\libgcc.a(_udivmod64.o)
 .text.libgcc   0x00000000        0x0 c:/program files (x86)/atmel/atmel toolchain/avr8 gcc/native/3.4.1061/avr8-gnu-toolchain/bin/../lib/gcc/avr/4.8.1/avr51\libgcc.a(_udivmod64.o)
 .text.libgcc.prologue
                0x00000000        0x0 c:/program files (x86)/atmel/atmel toolchain/avr8 gcc/native/3.4.1061/avr8-gnu-toolchain/bin/../lib/gcc/avr/4.8.1/avr51\libgcc.a(_udivmod64.o)
 .text.libgcc.builtins
                0x00000000        0x0 c:/program files (x86)/atmel/atmel toolchain/avr8 gcc/native/3.4.1061/avr8-gnu-toolchain/bin/../lib/gcc/avr/4.8.1/avr51\libgcc.a(_udivmod64.o)
 .text.libgcc.fmul
                0x00000000        0x0 c:/program files (x86)/atmel/atmel toolchain/avr8 gcc/native/3.4.1061/avr8-gnu-toolchain/bin/../lib/gcc/avr/4.8.1/avr51\libgcc.a(_udivmod64.o)
 .text.libgcc.fixed
                0x00000000        0x0 c:/program files (x86)/atmel/atmel toolchain/avr8 gcc/native/3.4.1061/avr8-gnu-toolchain/bin/../lib/gcc/avr/4.8.1/avr51\libgcc.a(_udivmod64.o)
 .text          0x00000000        0x0 c:/program files (x86)/atmel/atmel toolchain/avr8 gcc/native/3.4.1061/avr8-gnu-toolchain/bin/../lib/gcc/avr/4.8.1/avr51\libgcc.a(_negdi2.o)
 .data          0x00000000        0x0 c:/program files (x86)/atmel/atmel toolchain/avr8 gcc/native/3.4.1061/avr8-gnu-toolchain/bin/../lib/gcc/avr/4.8.1/avr51\libgcc.a(_negdi2.o)
 .bss           0x00000000        0x0 c:/program files (x86)/atmel/atmel toolchain/avr8 gcc/native/3.4.1061/avr8-gnu-toolchain/bin/../lib/gcc/avr/4.8.1/avr51\libgcc.a(_negdi2.o)
 .text.libgcc.mul
                0x00000000        0x0 c:/program files (x86)/atmel/atmel toolchain/avr8 gcc/native/3.4.1061/avr8-gnu-toolchain/bin/../lib/gcc/avr/4.8.1/avr51\libgcc.a(_negdi2.o)
 .text.libgcc.div
                0x00000000        0x0 c:/program files (x86)/atmel/atmel toolchain/avr8 gcc/native/3.4.1061/avr8-gnu-toolchain/bin/../lib/gcc/avr/4.8.1/avr51\libgcc.a(_negdi2.o)
 .text.libgcc.prologue
                0x00000000        0x0 c:/program files (x86)/atmel/atmel toolchain/avr8 gcc/native/3.4.1061/avr8-gnu-toolchain/bin/../lib/gcc/avr/4.8.1/avr51\libgcc.a(_negdi2.o)
 .text.libgcc.builtins
                0x00000000        0x0 c:/program files (x86)/atmel/atmel toolchain/avr8 gcc/native/3.4.1061/avr8-gnu-toolchain/bin/../lib/gcc/avr/4.8.1/avr51\libgcc.a(_negdi2.o)
 .text.libgcc.fmul
                0x00000000        0x0 c:/program files (x86)/atmel/atmel toolchain/avr8 gcc/native/3.4.1061/avr8-gnu-toolchain/bin/../lib/gcc/avr/4.8.1/avr51\libgcc.a(_negdi2.o)
 .text.libgcc.fixed
                0x00000000        0x0 c:/program files (x86)/atmel/atmel toolchain/avr8 gcc/native/3.4.1061/avr8-gnu-toolchain/bin/../lib/gcc/avr/4.8.1/avr51\libgcc.a(_negdi2.o)
 .text          0x00000000        0x0 c:/program files (x86)/atmel/atmel toolchain/avr8 gcc/native/3.4.1061/avr8-gnu-toolchain/bin/../lib/gcc/avr/4.8.1/avr51\libgcc.a(_prologue.o)
 .data          0x00000000        0x0 c:/program files (x86)/atmel/atmel toolchain/avr8 gcc/native/3.4.1061/avr8-gnu-toolchain/bin/../lib/gcc/avr/4.8.1/avr51\libgcc.a(_prologue.o)
 .bss           0x00000000        0x0 c:/program files (x86)/atmel/atmel toolchain/avr8 gcc/native/3.4.1061/avr8-gnu-toolchain/bin/../lib/gcc/avr/4.8.1/avr51\libgcc.a(_prologue.o)
 .text.libgcc.mul
                0x00000000        0x0 c:/program files (x86)/atmel/atmel toolchain/avr8 gcc/native/3.4.1061/avr8-gnu-toolchain/bin/../lib/gcc/avr/4.8.1/avr51\libgcc.a(_prologue.o)
 .text.libgcc.div
                0x00000000        0x0 c:/program files (x86)/atmel/atmel toolchain/avr8 gcc/native/3.4.1061/avr8-gnu-toolchain/bin/../lib/gcc/avr/4.8.1/avr51\libgcc.a(_prologue.o)
 .text.libgcc   0x00000000        0x0 c:/program files (x86)/atmel/atmel toolchain/avr8 gcc/native/3.4.1061/avr8-gnu-toolchain/bin/../lib/gcc/avr/4.8.1/avr51\libgcc.a(_prologue.o)
 .text.libgcc.builtins
                0x00000000        0x0 c:/program files (x86)/atmel/atmel toolchain/avr8 gcc/native/3.4.1061/avr8-gnu-toolchain/bin/../lib/gcc/avr/4.8.1/avr51\libgcc.a(_prologue.o)
 .text.libgcc.fmul
                0x00000000        0x0 c:/program files (x86)/atmel/atmel toolchain/avr8 gcc/native/3.4.1061/avr8-gnu-toolchain/bin/../lib/gcc/avr/4.8.1/avr51\libgcc.a(_prologue.o)
 .text.libgcc.fixed
                0x00000000        0x0 c:/program files (x86)/atmel/atmel toolchain/avr8 gcc/native/3.4.1061/avr8-gnu-toolchain/bin/../lib/gcc/avr/4.8.1/avr51\libgcc.a(_prologue.o)
 .text          0x00000000        0x0 c:/program files (x86)/atmel/atmel toolchain/avr8 gcc/native/3.4.1061/avr8-gnu-toolchain/bin/../lib/gcc/avr/4.8.1/avr51\libgcc.a(_epilogue.o)
 .data          0x00000000        0x0 c:/program files (x86)/atmel/atmel toolchain/avr8 gcc/native/3.4.1061/avr8-gnu-toolchain/bin/../lib/gcc/avr/4.8.1/avr51\libgcc.a(_epilogue.o)
 .bss           0x00000000        0x0 c:/program files (x86)/atmel/atmel toolchain/avr8 gcc/native/3.4.1061/avr8-gnu-toolchain/bin/../lib/gcc/avr/4.8.1/avr51\libgcc.a(_epilogue.o)
 .text.libgcc.mul
                0x00000000        0x0 c:/program files (x86)/atmel/atmel toolchain/avr8 gcc/native/3.4.1061/avr8-gnu-toolchain/bin/../lib/gcc/avr/4.8.1/avr51\libgcc.a(_epilogue.o)
 .text.libgcc.div
                0x00000000        0x0 c:/program files (x86)/atmel/atmel toolchain/avr8 gcc/native/3.4.1061/avr8-gnu-toolchain/bin/../lib/gcc/avr/4.8.1/avr51\libgcc.a(_epilogue.o)
 .text.libgcc   0x00000000        0x0 c:/program files (x86)/atmel/atmel toolchain/avr8 gcc/native/3.4.1061/avr8-gnu-toolchain/bin/../lib/gcc/avr/4.8.1/avr51\libgcc.a(_epilogue.o)
 .text.libgcc.builtins
                0x00000000        0x0 c:/program files (x86)/atmel/atmel toolchain/avr8 gcc/native/3.4.1061/avr8-gnu-toolchain/bin/../lib/gcc/avr/4.8.1/avr51\libgcc.a(_epilogue.o)
 .text.libgcc.fmul
                0x00000000        0x0 c:/program files (x86)/atmel/atmel toolchain/avr8 gcc/native/3.4.1061/avr8-gnu-toolchain/bin/../lib/gcc/avr/4.8.1/avr51\libgcc.a(_epilogue.o)
 .text.libgcc.fixed
                0x00000000        0x0 c:/program files (x86)/atmel/atmel toolchain/avr8 gcc/native/3.4.1061/avr8-gnu-toolchain/bin/../lib/gcc/avr/4.8.1/avr51\libgcc.a(_epilogue.o)
 .text          0x00000000        0x0 c:/program files (x86)/atmel/atmel toolchain/avr8 gcc/native/3.4.1061/avr8-gnu-toolchain/bin/../lib/gcc/avr/4.8.1/avr51\libgcc.a(_ashrdi3.o)
 .data          0x00000000        0x0 c:/program files (x86)/atmel/atmel toolchain/avr8 gcc/native/3.4.1061/avr8-gnu-toolchain/bin/../lib/gcc/avr/4.8.1/avr51\libgcc.a(_ashrdi3.o)
 .bss           0x00000000        0x0 c:/program files (x86)/atmel/atmel toolchain/avr8 gcc/native/3.4.1061/avr8-gnu-toolchain/bin/../lib/gcc/avr/4.8.1/avr51\libgcc.a(_ashrdi3.o)
 .text.libgcc.mul
                0x00000000        0x0 c:/program files (x86)/atmel/atmel toolchain/avr8 gcc/native/3.4.1061/avr8-gnu-toolchain/bin/../lib/gcc/avr/4.8.1/avr51\libgcc.a(_ashrdi3.o)
 .text.libgcc.div
                0x00000000        0x0 c:/program files (x86)/atmel/atmel toolchain/avr8 gcc/native/3.4.1061/avr8-gnu-toolchain/bin/../lib/gcc/avr/4.8.1/avr51\libgcc.a(_ashrdi3.o)
 .text.libgcc   0x00000000        0x0 c:/program files (x86)/atmel/atmel toolchain/avr8 gcc/native/3.4.1061/avr8-gnu-toolchain/bin/../lib/gcc/avr/4.8.1/avr51\libgcc.a(_ashrdi3.o)
 .text.libgcc.prologue
                0x00000000        0x0 c:/program files (x86)/atmel/atmel toolchain/avr8 gcc/native/3.4.1061/avr8-gnu-toolchain/bin/../lib/gcc/avr/4.8.1/avr51\libgcc.a(_ashrdi3.o)
 .text.libgcc.fmul
                0x00000000        0x0 c:/program files (x86)/atmel/atmel toolchain/avr8 gcc/native/3.4.1061/avr8-gnu-toolchain/bin/../lib/gcc/avr/4.8.1/avr51\libgcc.a(_ashrdi3.o)
 .text.libgcc.fixed
                0x00000000        0x0 c:/program files (x86)/atmel/atmel toolchain/avr8 gcc/native/3.4.1061/avr8-gnu-toolchain/bin/../lib/gcc/avr/4.8.1/avr51\libgcc.a(_ashrdi3.o)
 .text          0x00000000        0x0 c:/program files (x86)/atmel/atmel toolchain/avr8 gcc/native/3.4.1061/avr8-gnu-toolchain/bin/../lib/gcc/avr/4.8.1/avr51\libgcc.a(_cmpdi2_s8.o)
 .data          0x00000000        0x0 c:/program files (x86)/atmel/atmel toolchain/avr8 gcc/native/3.4.1061/avr8-gnu-toolchain/bin/../lib/gcc/avr/4.8.1/avr51\libgcc.a(_cmpdi2_s8.o)
 .bss           0x00000000        0x0 c:/program files (x86)/atmel/atmel toolchain/avr8 gcc/native/3.4.1061/avr8-gnu-toolchain/bin/../lib/gcc/avr/4.8.1/avr51\libgcc.a(_cmpdi2_s8.o)
 .text.libgcc.mul
                0x00000000        0x0 c:/program files (x86)/atmel/atmel toolchain/avr8 gcc/native/3.4.1061/avr8-gnu-toolchain/bin/../lib/gcc/avr/4.8.1/avr51\libgcc.a(_cmpdi2_s8.o)
 .text.libgcc.div
                0x00000000        0x0 c:/program files (x86)/atmel/atmel toolchain/avr8 gcc/native/3.4.1061/avr8-gnu-toolchain/bin/../lib/gcc/avr/4.8.1/avr51\libgcc.a(_cmpdi2_s8.o)
 .text.libgcc.prologue
                0x00000000        0x0 c:/program files (x86)/atmel/atmel toolchain/avr8 gcc/native/3.4.1061/avr8-gnu-toolchain/bin/../lib/gcc/avr/4.8.1/avr51\libgcc.a(_cmpdi2_s8.o)
 .text.libgcc.builtins
                0x00000000        0x0 c:/program files (x86)/atmel/atmel toolchain/avr8 gcc/native/3.4.1061/avr8-gnu-toolchain/bin/../lib/gcc/avr/4.8.1/avr51\libgcc.a(_cmpdi2_s8.o)
 .text.libgcc.fmul
                0x00000000        0x0 c:/program files (x86)/atmel/atmel toolchain/avr8 gcc/native/3.4.1061/avr8-gnu-toolchain/bin/../lib/gcc/avr/4.8.1/avr51\libgcc.a(_cmpdi2_s8.o)
 .text.libgcc.fixed
                0x00000000        0x0 c:/program files (x86)/atmel/atmel toolchain/avr8 gcc/native/3.4.1061/avr8-gnu-toolchain/bin/../lib/gcc/avr/4.8.1/avr51\libgcc.a(_cmpdi2_s8.o)
 .text          0x00000000        0x0 c:/program files (x86)/atmel/atmel toolchain/avr8 gcc/native/3.4.1061/avr8-gnu-toolchain/bin/../lib/gcc/avr/4.8.1/avr51\libgcc.a(_udivmodhi4.o)
 .data          0x00000000        0x0 c:/program files (x86)/atmel/atmel toolchain/avr8 gcc/native/3.4.1061/avr8-gnu-toolchain/bin/../lib/gcc/avr/4.8.1/avr51\libgcc.a(_udivmodhi4.o)
 .bss           0x00000000        0x0 c:/program files (x86)/atmel/atmel toolchain/avr8 gcc/native/3.4.1061/avr8-gnu-toolchain/bin/../lib/gcc/avr/4.8.1/avr51\libgcc.a(_udivmodhi4.o)
 .text.libgcc.mul
                0x00000000        0x0 c:/program files (x86)/atmel/atmel toolchain/avr8 gcc/native/3.4.1061/avr8-gnu-toolchain/bin/../lib/gcc/avr/4.8.1/avr51\libgcc.a(_udivmodhi4.o)
 .text.libgcc   0x00000000        0x0 c:/program files (x86)/atmel/atmel toolchain/avr8 gcc/native/3.4.1061/avr8-gnu-toolchain/bin/../lib/gcc/avr/4.8.1/avr51\libgcc.a(_udivmodhi4.o)
 .text.libgcc.prologue
                0x00000000        0x0 c:/program files (x86)/atmel/atmel toolchain/avr8 gcc/native/3.4.1061/avr8-gnu-toolchain/bin/../lib/gcc/avr/4.8.1/avr51\libgcc.a(_udivmodhi4.o)
 .text.libgcc.builtins
                0x00000000        0x0 c:/program files (x86)/atmel/atmel toolchain/avr8 gcc/native/3.4.1061/avr8-gnu-toolchain/bin/../lib/gcc/avr/4.8.1/avr51\libgcc.a(_udivmodhi4.o)
 .text.libgcc.fmul
                0x00000000        0x0 c:/program files (x86)/atmel/atmel toolchain/avr8 gcc/native/3.4.1061/avr8-gnu-toolchain/bin/../lib/gcc/avr/4.8.1/avr51\libgcc.a(_udivmodhi4.o)
 .text.libgcc.fixed
                0x00000000        0x0 c:/program files (x86)/atmel/atmel toolchain/avr8 gcc/native/3.4.1061/avr8-gnu-toolchain/bin/../lib/gcc/avr/4.8.1/avr51\libgcc.a(_udivmodhi4.o)

Memory Configuration

Name             Origin             Length             Attributes
text             0x00000000         0x00020000         xr
data             0x00800100         0x0000ff00         rw !x
eeprom           0x00810000         0x00010000         rw !x
fuse             0x00820000         0x00000400         rw !x
lock             0x00830000         0x00000400         rw !x
signature        0x00840000         0x00000400         rw !x
user_signatures  0x00850000         0x00000400         rw !x
*default*        0x00000000         0xffffffff

Linker script and memory map

Address of section .data set to 0x800100
LOAD c:/program files (x86)/atmel/atmel toolchain/avr8 gcc/native/3.4.1061/avr8-gnu-toolchain/bin/../lib/gcc/avr/4.8.1/../../../../avr/lib/avr51/crtm1284p.o
LOAD RemoteController.o
START GROUP
LOAD c:/program files (x86)/atmel/atmel toolchain/avr8 gcc/native/3.4.1061/avr8-gnu-toolchain/bin/../lib/gcc/avr/4.8.1/../../../../avr/lib/avr51\libm.a
LOAD ../../../../Library/UART/UART/Debug\libUART.a
LOAD ../../../../Library/SPI/SPI/Debug\libSPI.a
LOAD ../../../../Library/TWI/TWI/Debug\libTWI.a
LOAD ../../../../Library/Trace/Trace/Debug\libTrace.a
LOAD ../../../../Library/ADC/ADC/Debug\libADC.a
LOAD ../../../../Library/LCD/LCD/Debug\libLCD.a
LOAD ../../../../Library/ExtInt/ExtInt/Debug\libExtInt.a
LOAD ../../../../Library/XY-MK-5V-XY-FST/XY-MK-5V-XY-FST/Debug\libXY-MK-5V-XY-FST.a
END GROUP
START GROUP
LOAD c:/program files (x86)/atmel/atmel toolchain/avr8 gcc/native/3.4.1061/avr8-gnu-toolchain/bin/../lib/gcc/avr/4.8.1/avr51\libgcc.a
LOAD c:/program files (x86)/atmel/atmel toolchain/avr8 gcc/native/3.4.1061/avr8-gnu-toolchain/bin/../lib/gcc/avr/4.8.1/../../../../avr/lib/avr51\libm.a
LOAD c:/program files (x86)/atmel/atmel toolchain/avr8 gcc/native/3.4.1061/avr8-gnu-toolchain/bin/../lib/gcc/avr/4.8.1/../../../../avr/lib/avr51\libc.a
END GROUP

.hash
 *(.hash)

.dynsym
 *(.dynsym)

.dynstr
 *(.dynstr)

.gnu.version
 *(.gnu.version)

.gnu.version_d
 *(.gnu.version_d)

.gnu.version_r
 *(.gnu.version_r)

.rel.init
 *(.rel.init)

.rela.init
 *(.rela.init)

.rel.text
 *(.rel.text)
 *(.rel.text.*)
 *(.rel.gnu.linkonce.t*)

.rela.text
 *(.rela.text)
 *(.rela.text.*)
 *(.rela.gnu.linkonce.t*)

.rel.fini
 *(.rel.fini)

.rela.fini
 *(.rela.fini)

.rel.rodata
 *(.rel.rodata)
 *(.rel.rodata.*)
 *(.rel.gnu.linkonce.r*)

.rela.rodata
 *(.rela.rodata)
 *(.rela.rodata.*)
 *(.rela.gnu.linkonce.r*)

.rel.data
 *(.rel.data)
 *(.rel.data.*)
 *(.rel.gnu.linkonce.d*)

.rela.data
 *(.rela.data)
 *(.rela.data.*)
 *(.rela.gnu.linkonce.d*)

.rel.ctors
 *(.rel.ctors)

.rela.ctors
 *(.rela.ctors)

.rel.dtors
 *(.rel.dtors)

.rela.dtors
 *(.rela.dtors)

.rel.got
 *(.rel.got)

.rela.got
 *(.rela.got)

.rel.bss
 *(.rel.bss)

.rela.bss
 *(.rela.bss)

.rel.plt
 *(.rel.plt)

.rela.plt
 *(.rela.plt)

.text           0x00000000     0x2e62
 *(.vectors)
 .vectors       0x00000000       0x8c c:/program files (x86)/atmel/atmel toolchain/avr8 gcc/native/3.4.1061/avr8-gnu-toolchain/bin/../lib/gcc/avr/4.8.1/../../../../avr/lib/avr51/crtm1284p.o
                0x00000000                __vector_default
                0x00000000                __vectors
 *(.vectors)
 *(.progmem.gcc*)
 .progmem.gcc_sw_table.SendTrace
                0x0000008c       0x2c ../../../../Library/Trace/Trace/Debug\libTrace.a(Trace.o)
                0x000000b8                . = ALIGN (0x2)
                0x000000b8                __trampolines_start = .
 *(.trampolines)
 .trampolines   0x000000b8        0x0 linker stubs
 *(.trampolines*)
                0x000000b8                __trampolines_end = .
 *(.progmem*)
                0x000000b8                . = ALIGN (0x2)
 *(.jumptables)
 *(.jumptables*)
 *(.lowtext)
 *(.lowtext*)
                0x000000b8                __ctors_start = .
 *(.ctors)
                0x000000b8                __ctors_end = .
                0x000000b8                __dtors_start = .
 *(.dtors)
                0x000000b8                __dtors_end = .
 SORT(*)(.ctors)
 SORT(*)(.dtors)
 *(.init0)
 .init0         0x000000b8        0x0 c:/program files (x86)/atmel/atmel toolchain/avr8 gcc/native/3.4.1061/avr8-gnu-toolchain/bin/../lib/gcc/avr/4.8.1/../../../../avr/lib/avr51/crtm1284p.o
                0x000000b8                __init
 *(.init0)
 *(.init1)
 *(.init1)
 *(.init2)
 .init2         0x000000b8        0xc c:/program files (x86)/atmel/atmel toolchain/avr8 gcc/native/3.4.1061/avr8-gnu-toolchain/bin/../lib/gcc/avr/4.8.1/../../../../avr/lib/avr51/crtm1284p.o
 *(.init2)
 *(.init3)
 *(.init3)
 *(.init4)
 .init4         0x000000c4       0x1a c:/program files (x86)/atmel/atmel toolchain/avr8 gcc/native/3.4.1061/avr8-gnu-toolchain/bin/../lib/gcc/avr/4.8.1/avr51\libgcc.a(_copy_data.o)
                0x000000c4                __do_copy_data
 .init4         0x000000de       0x10 c:/program files (x86)/atmel/atmel toolchain/avr8 gcc/native/3.4.1061/avr8-gnu-toolchain/bin/../lib/gcc/avr/4.8.1/avr51\libgcc.a(_clear_bss.o)
                0x000000de                __do_clear_bss
 *(.init4)
 *(.init5)
 *(.init5)
 *(.init6)
 *(.init6)
 *(.init7)
 *(.init7)
 *(.init8)
 *(.init8)
 *(.init9)
 .init9         0x000000ee        0x6 c:/program files (x86)/atmel/atmel toolchain/avr8 gcc/native/3.4.1061/avr8-gnu-toolchain/bin/../lib/gcc/avr/4.8.1/../../../../avr/lib/avr51/crtm1284p.o
 *(.init9)
 *(.text)
 .text          0x000000f4        0x2 c:/program files (x86)/atmel/atmel toolchain/avr8 gcc/native/3.4.1061/avr8-gnu-toolchain/bin/../lib/gcc/avr/4.8.1/../../../../avr/lib/avr51/crtm1284p.o
                0x000000f4                __vector_32
                0x000000f4                __vector_34
                0x000000f4                __vector_24
                0x000000f4                __vector_12
                0x000000f4                __bad_interrupt
                0x000000f4                __vector_6
                0x000000f4                __vector_31
                0x000000f4                __vector_23
                0x000000f4                __vector_25
                0x000000f4                __vector_11
                0x000000f4                __vector_13
                0x000000f4                __vector_17
                0x000000f4                __vector_19
                0x000000f4                __vector_7
                0x000000f4                __vector_27
                0x000000f4                __vector_5
                0x000000f4                __vector_33
                0x000000f4                __vector_4
                0x000000f4                __vector_9
                0x000000f4                __vector_21
                0x000000f4                __vector_15
                0x000000f4                __vector_29
                0x000000f4                __vector_8
                0x000000f4                __vector_26
                0x000000f4                __vector_14
                0x000000f4                __vector_10
                0x000000f4                __vector_18
                0x000000f6                . = ALIGN (0x2)
 *(.text.*)
 .text.RCADCIntCallback
                0x000000f6        0x8 RemoteController.o
                0x000000f6                RCADCIntCallback
 .text.InitDisplay
                0x000000fe       0x3c RemoteController.o
                0x000000fe                InitDisplay
 .text.InitInputControl
                0x0000013a       0x82 RemoteController.o
                0x0000013a                InitInputControl
 .text.VerifyAckData
                0x000001bc       0xf2 RemoteController.o
                0x000001bc                VerifyAckData
 .text.ConnectToRCCar
                0x000002ae       0x7c RemoteController.o
                0x000002ae                ConnectToRCCar
 .text.UpdateLCD
                0x0000032a       0x46 RemoteController.o
                0x0000032a                UpdateLCD
 .text.DriveRCCar
                0x00000370       0xf0 RemoteController.o
                0x00000370                DriveRCCar
 .text.main     0x00000460      0x1de RemoteController.o
                0x00000460                main
 .text.InitTWI  0x0000063e       0x7e ../../../../Library/TWI/TWI/Debug\libTWI.a(TWI.o)
                0x0000063e                InitTWI
 .text.SendStartCondition
                0x000006bc       0x4a ../../../../Library/TWI/TWI/Debug\libTWI.a(TWI.o)
                0x000006bc                SendStartCondition
 .text.SendStopCondition
                0x00000706       0x1a ../../../../Library/TWI/TWI/Debug\libTWI.a(TWI.o)
                0x00000706                SendStopCondition
 .text.Transmit
                0x00000720      0x13a ../../../../Library/TWI/TWI/Debug\libTWI.a(TWI.o)
                0x00000720                Transmit
 .text.TwiMasterTransmit
                0x0000085a       0xc2 ../../../../Library/TWI/TWI/Debug\libTWI.a(TWI.o)
                0x0000085a                TwiMasterTransmit
 .text.TwiTransmit
                0x0000091c       0xa6 ../../../../Library/TWI/TWI/Debug\libTWI.a(TWI.o)
                0x0000091c                TwiTransmit
 .text.InitTrace
                0x000009c2       0x1e ../../../../Library/Trace/Trace/Debug\libTrace.a(Trace.o)
                0x000009c2                InitTrace
 .text.SendStringValue
                0x000009e0       0x1e ../../../../Library/Trace/Trace/Debug\libTrace.a(Trace.o)
                0x000009e0                SendStringValue
 .text.SendHexValue
                0x000009fe      0x148 ../../../../Library/Trace/Trace/Debug\libTrace.a(Trace.o)
                0x000009fe                SendHexValue
 .text.SendDecimalValue
                0x00000b46      0x176 ../../../../Library/Trace/Trace/Debug\libTrace.a(Trace.o)
                0x00000b46                SendDecimalValue
 .text.SendDoubleValue
                0x00000cbc      0x15c ../../../../Library/Trace/Trace/Debug\libTrace.a(Trace.o)
                0x00000cbc                SendDoubleValue
 .text.SendSignedDecimalValue
                0x00000e18      0x1d4 ../../../../Library/Trace/Trace/Debug\libTrace.a(Trace.o)
                0x00000e18                SendSignedDecimalValue
 .text.SendTrace
                0x00000fec      0x298 ../../../../Library/Trace/Trace/Debug\libTrace.a(Trace.o)
                0x00000fec                SendTrace
 .text.InitADC  0x00001284       0x3a ../../../../Library/ADC/ADC/Debug\libADC.a(ADC.o)
                0x00001284                InitADC
 .text.ADCRead  0x000012be       0x7e ../../../../Library/ADC/ADC/Debug\libADC.a(ADC.o)
                0x000012be                ADCRead
 .text.LCDWrite
                0x0000133c       0x8c ../../../../Library/LCD/LCD/Debug\libLCD.a(LCD.o)
                0x0000133c                LCDWrite
 .text.LCDTransmit
                0x000013c8       0x56 ../../../../Library/LCD/LCD/Debug\libLCD.a(LCD.o)
                0x000013c8                LCDTransmit
 .text.LCDSetCursorToHomePos
                0x0000141e       0x16 ../../../../Library/LCD/LCD/Debug\libLCD.a(LCD.o)
                0x0000141e                LCDSetCursorToHomePos
 .text.LCDClearDisplay
                0x00001434       0x14 ../../../../Library/LCD/LCD/Debug\libLCD.a(LCD.o)
                0x00001434                LCDClearDisplay
 .text.LCDSetDisplayControl
                0x00001448       0x1e ../../../../Library/LCD/LCD/Debug\libLCD.a(LCD.o)
                0x00001448                LCDSetDisplayControl
 .text.LCDSetCursorPosition
                0x00001466       0x60 ../../../../Library/LCD/LCD/Debug\libLCD.a(LCD.o)
                0x00001466                LCDSetCursorPosition
 .text.LCDSetEntryMode
                0x000014c6       0x16 ../../../../Library/LCD/LCD/Debug\libLCD.a(LCD.o)
                0x000014c6                LCDSetEntryMode
 .text.LCDShiftCursorOrDisplay
                0x000014dc       0x16 ../../../../Library/LCD/LCD/Debug\libLCD.a(LCD.o)
                0x000014dc                LCDShiftCursorOrDisplay
 .text.LCDPrint
                0x000014f2      0x122 ../../../../Library/LCD/LCD/Debug\libLCD.a(LCD.o)
                0x000014f2                LCDPrint
 .text.LCDSetFunctionControl
                0x00001614       0x16 ../../../../Library/LCD/LCD/Debug\libLCD.a(LCD.o)
                0x00001614                LCDSetFunctionControl
 .text.InitLCD  0x0000162a       0x84 ../../../../Library/LCD/LCD/Debug\libLCD.a(LCD.o)
                0x0000162a                InitLCD
 .text.InitExtInt
                0x000016ae       0x2e ../../../../Library/ExtInt/ExtInt/Debug\libExtInt.a(ExtInt.o)
                0x000016ae                InitExtInt
 .text.RegisterExtInterrupt
                0x000016dc      0x144 ../../../../Library/ExtInt/ExtInt/Debug\libExtInt.a(ExtInt.o)
                0x000016dc                RegisterExtInterrupt
 .text.__vector_1
                0x00001820       0x66 ../../../../Library/ExtInt/ExtInt/Debug\libExtInt.a(ExtInt.o)
                0x00001820                __vector_1
 .text.__vector_2
                0x00001886       0x66 ../../../../Library/ExtInt/ExtInt/Debug\libExtInt.a(ExtInt.o)
                0x00001886                __vector_2
 .text.__vector_3
                0x000018ec       0x66 ../../../../Library/ExtInt/ExtInt/Debug\libExtInt.a(ExtInt.o)
                0x000018ec                __vector_3
 .text.Xymk5vXyfstTransmit
                0x00001952      0x32e ../../../../Library/XY-MK-5V-XY-FST/XY-MK-5V-XY-FST/Debug\libXY-MK-5V-XY-FST.a(XY-MK-5V-XY-FST.o)
                0x00001952                Xymk5vXyfstTransmit
 .text.Xymk5vXyfstReceive
                0x00001c80      0x426 ../../../../Library/XY-MK-5V-XY-FST/XY-MK-5V-XY-FST/Debug\libXY-MK-5V-XY-FST.a(XY-MK-5V-XY-FST.o)
                0x00001c80                Xymk5vXyfstReceive
 .text.InitXymk5vXyfst
                0x000020a6       0x54 ../../../../Library/XY-MK-5V-XY-FST/XY-MK-5V-XY-FST/Debug\libXY-MK-5V-XY-FST.a(XY-MK-5V-XY-FST.o)
                0x000020a6                InitXymk5vXyfst
 .text.avr-libc.fplib
                0x000020fa        0xa c:/program files (x86)/atmel/atmel toolchain/avr8 gcc/native/3.4.1061/avr8-gnu-toolchain/bin/../lib/gcc/avr/4.8.1/../../../../avr/lib/avr51\libm.a(addsf3.o)
                0x000020fa                __subsf3
                0x000020fc                __addsf3
 .text.avr-libc.fplib
                0x00002104       0xc0 c:/program files (x86)/atmel/atmel toolchain/avr8 gcc/native/3.4.1061/avr8-gnu-toolchain/bin/../lib/gcc/avr/4.8.1/../../../../avr/lib/avr51\libm.a(addsf3x.o)
                0x0000211e                __addsf3x
 .text.avr-libc.fplib
                0x000021c4        0x8 c:/program files (x86)/atmel/atmel toolchain/avr8 gcc/native/3.4.1061/avr8-gnu-toolchain/bin/../lib/gcc/avr/4.8.1/../../../../avr/lib/avr51\libm.a(cmpsf2.o)
                0x000021c4                __nesf2
                0x000021c4                __eqsf2
                0x000021c4                __cmpsf2
                0x000021c4                __ltsf2
                0x000021c4                __lesf2
 .text.avr-libc.fplib
                0x000021cc       0x74 c:/program files (x86)/atmel/atmel toolchain/avr8 gcc/native/3.4.1061/avr8-gnu-toolchain/bin/../lib/gcc/avr/4.8.1/../../../../avr/lib/avr51\libm.a(fixsfdi.o)
                0x000021cc                __fixsfdi
                0x000021d6                __fixunssfdi
 .text.avr-libc.fplib
                0x00002240       0x58 c:/program files (x86)/atmel/atmel toolchain/avr8 gcc/native/3.4.1061/avr8-gnu-toolchain/bin/../lib/gcc/avr/4.8.1/../../../../avr/lib/avr51\libm.a(fixunssfsi.o)
                0x00002240                __fixunssfsi
 .text.avr-libc.fplib
                0x00002298        0x8 c:/program files (x86)/atmel/atmel toolchain/avr8 gcc/native/3.4.1061/avr8-gnu-toolchain/bin/../lib/gcc/avr/4.8.1/../../../../avr/lib/avr51\libm.a(floatdisf.o)
                0x00002298                __floatdisf
 .text.avr-libc.fplib
                0x000022a0       0x7a c:/program files (x86)/atmel/atmel toolchain/avr8 gcc/native/3.4.1061/avr8-gnu-toolchain/bin/../lib/gcc/avr/4.8.1/../../../../avr/lib/avr51\libm.a(floatsisf.o)
                0x000022a0                __floatunsisf
                0x000022a4                __floatsisf
 .text.avr-libc.fplib
                0x0000231a       0x7c c:/program files (x86)/atmel/atmel toolchain/avr8 gcc/native/3.4.1061/avr8-gnu-toolchain/bin/../lib/gcc/avr/4.8.1/../../../../avr/lib/avr51\libm.a(floatundisf.o)
                0x0000231a                __floatundisf
                0x0000231c                __fp_di2sf
 .text.avr-libc.fplib
                0x00002396       0x48 c:/program files (x86)/atmel/atmel toolchain/avr8 gcc/native/3.4.1061/avr8-gnu-toolchain/bin/../lib/gcc/avr/4.8.1/../../../../avr/lib/avr51\libm.a(fp_cmp.o)
                0x00002396                __fp_cmp
 .text.avr-libc.fplib
                0x000023de        0xc c:/program files (x86)/atmel/atmel toolchain/avr8 gcc/native/3.4.1061/avr8-gnu-toolchain/bin/../lib/gcc/avr/4.8.1/../../../../avr/lib/avr51\libm.a(fp_inf.o)
                0x000023de                __fp_inf
 .text.avr-libc.fplib
                0x000023ea        0x6 c:/program files (x86)/atmel/atmel toolchain/avr8 gcc/native/3.4.1061/avr8-gnu-toolchain/bin/../lib/gcc/avr/4.8.1/../../../../avr/lib/avr51\libm.a(fp_nan.o)
                0x000023ea                __fp_nan
 .text.avr-libc.fplib
                0x000023f0       0x20 c:/program files (x86)/atmel/atmel toolchain/avr8 gcc/native/3.4.1061/avr8-gnu-toolchain/bin/../lib/gcc/avr/4.8.1/../../../../avr/lib/avr51\libm.a(fp_negdi.o)
                0x000023f0                __fp_negdi
 .text.avr-libc.fplib
                0x00002410        0xe c:/program files (x86)/atmel/atmel toolchain/avr8 gcc/native/3.4.1061/avr8-gnu-toolchain/bin/../lib/gcc/avr/4.8.1/../../../../avr/lib/avr51\libm.a(fp_pscA.o)
                0x00002410                __fp_pscA
 .text.avr-libc.fplib
                0x0000241e        0xe c:/program files (x86)/atmel/atmel toolchain/avr8 gcc/native/3.4.1061/avr8-gnu-toolchain/bin/../lib/gcc/avr/4.8.1/../../../../avr/lib/avr51\libm.a(fp_pscB.o)
                0x0000241e                __fp_pscB
 .text.avr-libc.fplib
                0x0000242c       0x22 c:/program files (x86)/atmel/atmel toolchain/avr8 gcc/native/3.4.1061/avr8-gnu-toolchain/bin/../lib/gcc/avr/4.8.1/../../../../avr/lib/avr51\libm.a(fp_round.o)
                0x0000242c                __fp_round
 .text.avr-libc.fplib
                0x0000244e       0x44 c:/program files (x86)/atmel/atmel toolchain/avr8 gcc/native/3.4.1061/avr8-gnu-toolchain/bin/../lib/gcc/avr/4.8.1/../../../../avr/lib/avr51\libm.a(fp_split3.o)
                0x0000244e                __fp_split3
                0x0000245e                __fp_splitA
 .text.avr-libc.fplib
                0x00002492        0xe c:/program files (x86)/atmel/atmel toolchain/avr8 gcc/native/3.4.1061/avr8-gnu-toolchain/bin/../lib/gcc/avr/4.8.1/../../../../avr/lib/avr51\libm.a(fp_zero.o)
                0x00002492                __fp_zero
                0x00002494                __fp_szero
 .text.avr-libc.fplib
                0x000024a0        0x4 c:/program files (x86)/atmel/atmel toolchain/avr8 gcc/native/3.4.1061/avr8-gnu-toolchain/bin/../lib/gcc/avr/4.8.1/../../../../avr/lib/avr51\libm.a(mulsf3.o)
                0x000024a0                __mulsf3
 .text.avr-libc.fplib
                0x000024a4       0xc2 c:/program files (x86)/atmel/atmel toolchain/avr8 gcc/native/3.4.1061/avr8-gnu-toolchain/bin/../lib/gcc/avr/4.8.1/../../../../avr/lib/avr51\libm.a(mulsf3x.o)
                0x000024b8                __mulsf3x
                0x000024bc                __mulsf3_pse
 .text.UARTEnableDisableReceiver
                0x00002566       0x7a ../../../../Library/UART/UART/Debug\libUART.a(UART.o)
                0x00002566                UARTEnableDisableReceiver
 .text.UARTEnableDisableMPCM
                0x000025e0       0x8c ../../../../Library/UART/UART/Debug\libUART.a(UART.o)
                0x000025e0                UARTEnableDisableMPCM
 .text.InitializeUARTTimer
                0x0000266c       0x12 ../../../../Library/UART/UART/Debug\libUART.a(UART.o)
                0x0000266c                InitializeUARTTimer
 .text.InitUARTSync
                0x0000267e       0x80 ../../../../Library/UART/UART/Debug\libUART.a(UART.o)
                0x0000267e                InitUARTSync
 .text.UARTTransmit
                0x000026fe      0x136 ../../../../Library/UART/UART/Debug\libUART.a(UART.o)
                0x000026fe                UARTTransmit
 .text.UARTTransmitAddress
                0x00002834       0x40 ../../../../Library/UART/UART/Debug\libUART.a(UART.o)
                0x00002834                UARTTransmitAddress
 .text.UARTTransmitSync
                0x00002874        0xa ../../../../Library/UART/UART/Debug\libUART.a(UART.o)
                0x00002874                UARTTransmitSync
 .text.UARTReceive
                0x0000287e      0x1c8 ../../../../Library/UART/UART/Debug\libUART.a(UART.o)
                0x0000287e                UARTReceive
 .text.UARTReceiveASync
                0x00002a46        0x8 ../../../../Library/UART/UART/Debug\libUART.a(UART.o)
                0x00002a46                UARTReceiveASync
 .text.UARTReceiveSync
                0x00002a4e        0xa ../../../../Library/UART/UART/Debug\libUART.a(UART.o)
                0x00002a4e                UARTReceiveSync
 .text.__vector_16
                0x00002a58       0x1e ../../../../Library/UART/UART/Debug\libUART.a(UART.o)
                0x00002a58                __vector_16
 .text.__vector_20
                0x00002a76       0x64 ../../../../Library/UART/UART/Debug\libUART.a(UART.o)
                0x00002a76                __vector_20
 .text.__vector_28
                0x00002ada       0x64 ../../../../Library/UART/UART/Debug\libUART.a(UART.o)
                0x00002ada                __vector_28
 .text.__vector_22
                0x00002b3e       0x64 ../../../../Library/UART/UART/Debug\libUART.a(UART.o)
                0x00002b3e                __vector_22
 .text.__vector_30
                0x00002ba2       0x64 ../../../../Library/UART/UART/Debug\libUART.a(UART.o)
                0x00002ba2                __vector_30
 .text.avr-libc.fplib
                0x00002c06        0xa c:/program files (x86)/atmel/atmel toolchain/avr8 gcc/native/3.4.1061/avr8-gnu-toolchain/bin/../lib/gcc/avr/4.8.1/../../../../avr/lib/avr51\libm.a(fixsfsi.o)
                0x00002c06                __fixsfsi
 .text.libgcc.div
                0x00002c10       0x26 c:/program files (x86)/atmel/atmel toolchain/avr8 gcc/native/3.4.1061/avr8-gnu-toolchain/bin/../lib/gcc/avr/4.8.1/avr51\libgcc.a(_divmodhi4.o)
                0x00002c10                _div
                0x00002c10                __divmodhi4
 .text.libgcc   0x00002c36        0xc c:/program files (x86)/atmel/atmel toolchain/avr8 gcc/native/3.4.1061/avr8-gnu-toolchain/bin/../lib/gcc/avr/4.8.1/avr51\libgcc.a(_tablejump.o)
                0x00002c36                __tablejump2__
                0x00002c3a                __tablejump__
 .text.libgcc.div
                0x00002c42       0x56 c:/program files (x86)/atmel/atmel toolchain/avr8 gcc/native/3.4.1061/avr8-gnu-toolchain/bin/../lib/gcc/avr/4.8.1/avr51\libgcc.a(_divdi3.o)
                0x00002c42                __moddi3
                0x00002c46                __divdi3
                0x00002c48                __divdi3_moddi3
 .text.libgcc.div
                0x00002c98       0x1a c:/program files (x86)/atmel/atmel toolchain/avr8 gcc/native/3.4.1061/avr8-gnu-toolchain/bin/../lib/gcc/avr/4.8.1/avr51\libgcc.a(_udivdi3.o)
                0x00002c98                __umoddi3
                0x00002c9c                __udivdi3
                0x00002c9e                __udivdi3_umoddi3
 .text.libgcc.div
                0x00002cb2       0xa2 c:/program files (x86)/atmel/atmel toolchain/avr8 gcc/native/3.4.1061/avr8-gnu-toolchain/bin/../lib/gcc/avr/4.8.1/avr51\libgcc.a(_udivmod64.o)
                0x00002cb2                __udivmod64
 .text.libgcc   0x00002d54       0x20 c:/program files (x86)/atmel/atmel toolchain/avr8 gcc/native/3.4.1061/avr8-gnu-toolchain/bin/../lib/gcc/avr/4.8.1/avr51\libgcc.a(_negdi2.o)
                0x00002d54                __negdi2
 .text.libgcc.prologue
                0x00002d74       0x38 c:/program files (x86)/atmel/atmel toolchain/avr8 gcc/native/3.4.1061/avr8-gnu-toolchain/bin/../lib/gcc/avr/4.8.1/avr51\libgcc.a(_prologue.o)
                0x00002d74                __prologue_saves__
 .text.libgcc.prologue
                0x00002dac       0x36 c:/program files (x86)/atmel/atmel toolchain/avr8 gcc/native/3.4.1061/avr8-gnu-toolchain/bin/../lib/gcc/avr/4.8.1/avr51\libgcc.a(_epilogue.o)
                0x00002dac                __epilogue_restores__
 .text.libgcc.builtins
                0x00002de2       0x3c c:/program files (x86)/atmel/atmel toolchain/avr8 gcc/native/3.4.1061/avr8-gnu-toolchain/bin/../lib/gcc/avr/4.8.1/avr51\libgcc.a(_ashrdi3.o)
                0x00002de2                __ashrdi3
                0x00002de6                __lshrdi3
 .text.libgcc   0x00002e1e       0x18 c:/program files (x86)/atmel/atmel toolchain/avr8 gcc/native/3.4.1061/avr8-gnu-toolchain/bin/../lib/gcc/avr/4.8.1/avr51\libgcc.a(_cmpdi2_s8.o)
                0x00002e1e                __cmpdi2_s8
 .text.libgcc.div
                0x00002e36       0x28 c:/program files (x86)/atmel/atmel toolchain/avr8 gcc/native/3.4.1061/avr8-gnu-toolchain/bin/../lib/gcc/avr/4.8.1/avr51\libgcc.a(_udivmodhi4.o)
                0x00002e36                __udivmodhi4
                0x00002e5e                . = ALIGN (0x2)
 *(.fini9)
 .fini9         0x00002e5e        0x0 c:/program files (x86)/atmel/atmel toolchain/avr8 gcc/native/3.4.1061/avr8-gnu-toolchain/bin/../lib/gcc/avr/4.8.1/avr51\libgcc.a(_exit.o)
                0x00002e5e                _exit
                0x00002e5e                exit
 *(.fini9)
 *(.fini8)
 *(.fini8)
 *(.fini7)
 *(.fini7)
 *(.fini6)
 *(.fini6)
 *(.fini5)
 *(.fini5)
 *(.fini4)
 *(.fini4)
 *(.fini3)
 *(.fini3)
 *(.fini2)
 *(.fini2)
 *(.fini1)
 *(.fini1)
 *(.fini0)
 .fini0         0x00002e5e        0x4 c:/program files (x86)/atmel/atmel toolchain/avr8 gcc/native/3.4.1061/avr8-gnu-toolchain/bin/../lib/gcc/avr/4.8.1/avr51\libgcc.a(_exit.o)
 *(.fini0)
                0x00002e62                _etext = .

.data           0x00800100      0xa8a load address 0x00002e62
                0x00800100                PROVIDE (__data_start, .)
 *(.data)
 .data          0x00800100      0x364 ../../../../Library/XY-MK-5V-XY-FST/XY-MK-5V-XY-FST/Debug\libXY-MK-5V-XY-FST.a(XY-MK-5V-XY-FST.o)
 *(.data*)
 *(.rodata)
 *(.rodata*)
 .rodata.str1.1
                0x00800464      0x387 RemoteController.o
 .rodata.str1.1
                0x008007eb      0x286 ../../../../Library/TWI/TWI/Debug\libTWI.a(TWI.o)
 .rodata.str1.1
                0x00800a71       0x1a ../../../../Library/ADC/ADC/Debug\libADC.a(ADC.o)
 .rodata.str1.1
                0x00800a8b       0x8d ../../../../Library/LCD/LCD/Debug\libLCD.a(LCD.o)
 .rodata.str1.1
                0x00800b18       0x72 ../../../../Library/ExtInt/ExtInt/Debug\libExtInt.a(ExtInt.o)
 *(.gnu.linkonce.d*)
                0x00800b8a                . = ALIGN (0x2)
                0x00800b8a                _edata = .
                0x00800b8a                PROVIDE (__data_end, .)

.bss            0x00800b8a       0x39
                0x00800b8a                PROVIDE (__bss_start, .)
 *(.bss)
 *(.bss*)
 .bss.gIsEnterPressed
                0x00800b8a        0x1 RemoteController.o
                0x00800b8a                gIsEnterPressed
 .bss.gIsRepeatedStart
                0x00800b8b        0x1 ../../../../Library/TWI/TWI/Debug\libTWI.a(TWI.o)
                0x00800b8b                gIsRepeatedStart
 .bss.gIsTWIInitialized
                0x00800b8c        0x1 ../../../../Library/TWI/TWI/Debug\libTWI.a(TWI.o)
                0x00800b8c                gIsTWIInitialized
 .bss.gTraceInitialized
                0x00800b8d        0x1 ../../../../Library/Trace/Trace/Debug\libTrace.a(Trace.o)
                0x00800b8d                gTraceInitialized
 .bss.gADCInitialized
                0x00800b8e        0x1 ../../../../Library/ADC/ADC/Debug\libADC.a(ADC.o)
                0x00800b8e                gADCInitialized
 .bss.gMaxLines
                0x00800b8f        0x1 ../../../../Library/LCD/LCD/Debug\libLCD.a(LCD.o)
                0x00800b8f                gMaxLines
 .bss.gMaxCharacters
                0x00800b90        0x1 ../../../../Library/LCD/LCD/Debug\libLCD.a(LCD.o)
                0x00800b90                gMaxCharacters
 .bss.gLineNumber
                0x00800b91        0x1 ../../../../Library/LCD/LCD/Debug\libLCD.a(LCD.o)
                0x00800b91                gLineNumber
 .bss.gCursorPosition
                0x00800b92        0x1 ../../../../Library/LCD/LCD/Debug\libLCD.a(LCD.o)
                0x00800b92                gCursorPosition
 .bss.gIsAutoScroll
                0x00800b93        0x1 ../../../../Library/LCD/LCD/Debug\libLCD.a(LCD.o)
                0x00800b93                gIsAutoScroll
 .bss.gBackLight
                0x00800b94        0x1 ../../../../Library/LCD/LCD/Debug\libLCD.a(LCD.o)
                0x00800b94                gBackLight
 .bss.gLCDInitialized
                0x00800b95        0x1 ../../../../Library/LCD/LCD/Debug\libLCD.a(LCD.o)
                0x00800b95                gLCDInitialized
 .bss.gExtIntCallbackContext
                0x00800b96        0x6 ../../../../Library/ExtInt/ExtInt/Debug\libExtInt.a(ExtInt.o)
                0x00800b96                gExtIntCallbackContext
 .bss.gExtIntCallback
                0x00800b9c        0x6 ../../../../Library/ExtInt/ExtInt/Debug\libExtInt.a(ExtInt.o)
                0x00800b9c                gExtIntCallback
 .bss.gIsExtIntInitialized
                0x00800ba2        0x1 ../../../../Library/ExtInt/ExtInt/Debug\libExtInt.a(ExtInt.o)
                0x00800ba2                gIsExtIntInitialized
 .bss.gXymk5vXyfstInitialized
                0x00800ba3        0x1 ../../../../Library/XY-MK-5V-XY-FST/XY-MK-5V-XY-FST/Debug\libXY-MK-5V-XY-FST.a(XY-MK-5V-XY-FST.o)
                0x00800ba3                gXymk5vXyfstInitialized
 .bss.gIsMPCMEnabled
                0x00800ba4        0x2 ../../../../Library/UART/UART/Debug\libUART.a(UART.o)
                0x00800ba4                gIsMPCMEnabled
 .bss.gUARTInitialized
                0x00800ba6        0x2 ../../../../Library/UART/UART/Debug\libUART.a(UART.o)
                0x00800ba6                gUARTInitialized
 *(COMMON)
 COMMON         0x00800ba8        0x1 ../../../../Library/TWI/TWI/Debug\libTWI.a(TWI.o)
                0x00800ba8                gMode
 COMMON         0x00800ba9        0x1 ../../../../Library/Trace/Trace/Debug\libTrace.a(Trace.o)
                0x00800ba9                gTraceLevel
 COMMON         0x00800baa        0x1 ../../../../Library/LCD/LCD/Debug\libLCD.a(LCD.o)
                0x00800baa                gSlaveAddress
 COMMON         0x00800bab        0x7 ../../../../Library/XY-MK-5V-XY-FST/XY-MK-5V-XY-FST/Debug\libXY-MK-5V-XY-FST.a(XY-MK-5V-XY-FST.o)
                0x00800bab                gXymk5vXyfstAutoRetransmit
                0x00800bac                gMessageId
                0x00800bb0                gMyAddress
                0x00800bb1                gDestAddress
 COMMON         0x00800bb2       0x11 ../../../../Library/UART/UART/Debug\libUART.a(UART.o)
                0x00800bb2                gRCICallback0
                0x00800bb4                gTCICallback0
                0x00800bb6                gRCICallbackContext1
                0x00800bb8                gRCICallback1
                0x00800bba                gTCICallback1
                0x00800bbc                gTCICallbackContext0
                0x00800bbe                gRCICallbackContext0
                0x00800bc0                gTCICallbackContext1
                0x00800bc2                gUARTTimerTriggered
                0x00800bc3                PROVIDE (__bss_end, .)
                0x00002e62                __data_load_start = LOADADDR (.data)
                0x000038ec                __data_load_end = (__data_load_start + SIZEOF (.data))

.noinit         0x00800bc3        0x0
                0x00800bc3                PROVIDE (__noinit_start, .)
 *(.noinit*)
                0x00800bc3                PROVIDE (__noinit_end, .)
                0x00800bc3                _end = .
                0x00800bc3                PROVIDE (__heap_start, .)

.eeprom         0x00810000        0x0
 *(.eeprom*)
                0x00810000                __eeprom_end = .

.fuse
 *(.fuse)
 *(.lfuse)
 *(.hfuse)
 *(.efuse)

.lock
 *(.lock*)

.signature
 *(.signature*)

.user_signatures
 *(.user_signatures*)

.stab
 *(.stab)

.stabstr
 *(.stabstr)

.stab.excl
 *(.stab.excl)

.stab.exclstr
 *(.stab.exclstr)

.stab.index
 *(.stab.index)

.stab.indexstr
 *(.stab.indexstr)

.comment        0x00000000       0x30
 *(.comment)
 .comment       0x00000000       0x30 RemoteController.o
                                 0x31 (size before relaxing)
 .comment       0x00000000       0x31 ../../../../Library/TWI/TWI/Debug\libTWI.a(TWI.o)
 .comment       0x00000000       0x31 ../../../../Library/Trace/Trace/Debug\libTrace.a(Trace.o)
 .comment       0x00000000       0x31 ../../../../Library/ADC/ADC/Debug\libADC.a(ADC.o)
 .comment       0x00000000       0x31 ../../../../Library/LCD/LCD/Debug\libLCD.a(LCD.o)
 .comment       0x00000000       0x31 ../../../../Library/ExtInt/ExtInt/Debug\libExtInt.a(ExtInt.o)
 .comment       0x00000000       0x31 ../../../../Library/UART/UART/Debug\libUART.a(UART.o)

.note.gnu.build-id
 *(.note.gnu.build-id)

.debug
 *(.debug)

.line
 *(.line)

.debug_srcinfo
 *(.debug_srcinfo)

.debug_sfnames
 *(.debug_sfnames)

.debug_aranges  0x00000000      0x2d0
 *(.debug_aranges)
 .debug_aranges
                0x00000000       0x58 RemoteController.o
 .debug_aranges
                0x00000058       0x60 ../../../../Library/TWI/TWI/Debug\libTWI.a(TWI.o)
 .debug_aranges
                0x000000b8       0x50 ../../../../Library/Trace/Trace/Debug\libTrace.a(Trace.o)
 .debug_aranges
                0x00000108       0x28 ../../../../Library/ADC/ADC/Debug\libADC.a(ADC.o)
 .debug_aranges
                0x00000130       0x70 ../../../../Library/LCD/LCD/Debug\libLCD.a(LCD.o)
 .debug_aranges
                0x000001a0       0x58 ../../../../Library/ExtInt/ExtInt/Debug\libExtInt.a(ExtInt.o)
 .debug_aranges
                0x000001f8       0x30 ../../../../Library/XY-MK-5V-XY-FST/XY-MK-5V-XY-FST/Debug\libXY-MK-5V-XY-FST.a(XY-MK-5V-XY-FST.o)
 .debug_aranges
                0x00000228       0xa8 ../../../../Library/UART/UART/Debug\libUART.a(UART.o)

.debug_pubnames
                0x00000000       0xbf
 *(.debug_pubnames)
 .debug_pubnames
                0x00000000       0xbf ../../../../Library/XY-MK-5V-XY-FST/XY-MK-5V-XY-FST/Debug\libXY-MK-5V-XY-FST.a(XY-MK-5V-XY-FST.o)

.debug_info     0x00000000     0x384d
 *(.debug_info .gnu.linkonce.wi.*)
 .debug_info    0x00000000      0xb04 RemoteController.o
 .debug_info    0x00000b04      0x7ea ../../../../Library/TWI/TWI/Debug\libTWI.a(TWI.o)
 .debug_info    0x000012ee      0x699 ../../../../Library/Trace/Trace/Debug\libTrace.a(Trace.o)
 .debug_info    0x00001987      0x419 ../../../../Library/ADC/ADC/Debug\libADC.a(ADC.o)
 .debug_info    0x00001da0      0x9e4 ../../../../Library/LCD/LCD/Debug\libLCD.a(LCD.o)
 .debug_info    0x00002784      0x3ba ../../../../Library/ExtInt/ExtInt/Debug\libExtInt.a(ExtInt.o)
 .debug_info    0x00002b3e      0x42f ../../../../Library/XY-MK-5V-XY-FST/XY-MK-5V-XY-FST/Debug\libXY-MK-5V-XY-FST.a(XY-MK-5V-XY-FST.o)
 .debug_info    0x00002f6d      0x8e0 ../../../../Library/UART/UART/Debug\libUART.a(UART.o)

.debug_abbrev   0x00000000     0x1055
 *(.debug_abbrev)
 .debug_abbrev  0x00000000      0x2e1 RemoteController.o
 .debug_abbrev  0x000002e1      0x230 ../../../../Library/TWI/TWI/Debug\libTWI.a(TWI.o)
 .debug_abbrev  0x00000511      0x1d7 ../../../../Library/Trace/Trace/Debug\libTrace.a(Trace.o)
 .debug_abbrev  0x000006e8      0x184 ../../../../Library/ADC/ADC/Debug\libADC.a(ADC.o)
 .debug_abbrev  0x0000086c      0x302 ../../../../Library/LCD/LCD/Debug\libLCD.a(LCD.o)
 .debug_abbrev  0x00000b6e      0x17a ../../../../Library/ExtInt/ExtInt/Debug\libExtInt.a(ExtInt.o)
 .debug_abbrev  0x00000ce8      0x166 ../../../../Library/XY-MK-5V-XY-FST/XY-MK-5V-XY-FST/Debug\libXY-MK-5V-XY-FST.a(XY-MK-5V-XY-FST.o)
 .debug_abbrev  0x00000e4e      0x207 ../../../../Library/UART/UART/Debug\libUART.a(UART.o)

.debug_line     0x00000000     0x25ca
 *(.debug_line .debug_line.* .debug_line_end)
 .debug_line    0x00000000      0x543 RemoteController.o
 .debug_line    0x00000543      0x66a ../../../../Library/TWI/TWI/Debug\libTWI.a(TWI.o)
 .debug_line    0x00000bad      0x451 ../../../../Library/Trace/Trace/Debug\libTrace.a(Trace.o)
 .debug_line    0x00000ffe      0x1b2 ../../../../Library/ADC/ADC/Debug\libADC.a(ADC.o)
 .debug_line    0x000011b0      0x4b4 ../../../../Library/LCD/LCD/Debug\libLCD.a(LCD.o)
 .debug_line    0x00001664      0x3a6 ../../../../Library/ExtInt/ExtInt/Debug\libExtInt.a(ExtInt.o)
 .debug_line    0x00001a0a      0x451 ../../../../Library/XY-MK-5V-XY-FST/XY-MK-5V-XY-FST/Debug\libXY-MK-5V-XY-FST.a(XY-MK-5V-XY-FST.o)
 .debug_line    0x00001e5b      0x76f ../../../../Library/UART/UART/Debug\libUART.a(UART.o)

.debug_frame    0x00000000      0xd7c
 *(.debug_frame)
 .debug_frame   0x00000000      0x1a4 RemoteController.o
 .debug_frame   0x000001a4      0x258 ../../../../Library/TWI/TWI/Debug\libTWI.a(TWI.o)
 .debug_frame   0x000003fc      0x238 ../../../../Library/Trace/Trace/Debug\libTrace.a(Trace.o)
 .debug_frame   0x00000634       0x40 ../../../../Library/ADC/ADC/Debug\libADC.a(ADC.o)
 .debug_frame   0x00000674      0x1a8 ../../../../Library/LCD/LCD/Debug\libLCD.a(LCD.o)
 .debug_frame   0x0000081c      0x1f4 ../../../../Library/ExtInt/ExtInt/Debug\libExtInt.a(ExtInt.o)
 .debug_frame   0x00000a10       0x40 ../../../../Library/XY-MK-5V-XY-FST/XY-MK-5V-XY-FST/Debug\libXY-MK-5V-XY-FST.a(XY-MK-5V-XY-FST.o)
 .debug_frame   0x00000a50      0x32c ../../../../Library/UART/UART/Debug\libUART.a(UART.o)

.debug_str      0x00000000     0x13a5
 *(.debug_str)
 .debug_str     0x00000000      0x65f RemoteController.o
                                0x7ab (size before relaxing)
 .debug_str     0x0000065f      0x305 ../../../../Library/TWI/TWI/Debug\libTWI.a(TWI.o)
                                0x5e0 (size before relaxing)
 .debug_str     0x00000964      0x24f ../../../../Library/Trace/Trace/Debug\libTrace.a(Trace.o)
                                0x406 (size before relaxing)
 .debug_str     0x00000bb3       0xd4 ../../../../Library/ADC/ADC/Debug\libADC.a(ADC.o)
                                0x482 (size before relaxing)
 .debug_str     0x00000c87      0x1bb ../../../../Library/LCD/LCD/Debug\libLCD.a(LCD.o)
                                0x536 (size before relaxing)
 .debug_str     0x00000e42      0x109 ../../../../Library/ExtInt/ExtInt/Debug\libExtInt.a(ExtInt.o)
                                0x391 (size before relaxing)
 .debug_str     0x00000f4b      0x165 ../../../../Library/XY-MK-5V-XY-FST/XY-MK-5V-XY-FST/Debug\libXY-MK-5V-XY-FST.a(XY-MK-5V-XY-FST.o)
                                0x3c6 (size before relaxing)
 .debug_str     0x000010b0      0x2f5 ../../../../Library/UART/UART/Debug\libUART.a(UART.o)
                                0x59d (size before relaxing)

.debug_loc      0x00000000     0x493b
 *(.debug_loc)
 .debug_loc     0x00000000      0x57c RemoteController.o
 .debug_loc     0x0000057c     0x1277 ../../../../Library/TWI/TWI/Debug\libTWI.a(TWI.o)
 .debug_loc     0x000017f3      0xbd7 ../../../../Library/Trace/Trace/Debug\libTrace.a(Trace.o)
 .debug_loc     0x000023ca      0x13e ../../../../Library/ADC/ADC/Debug\libADC.a(ADC.o)
 .debug_loc     0x00002508      0x837 ../../../../Library/LCD/LCD/Debug\libLCD.a(LCD.o)
 .debug_loc     0x00002d3f      0x778 ../../../../Library/ExtInt/ExtInt/Debug\libExtInt.a(ExtInt.o)
 .debug_loc     0x000034b7      0x574 ../../../../Library/XY-MK-5V-XY-FST/XY-MK-5V-XY-FST/Debug\libXY-MK-5V-XY-FST.a(XY-MK-5V-XY-FST.o)
 .debug_loc     0x00003a2b      0xf10 ../../../../Library/UART/UART/Debug\libUART.a(UART.o)

.debug_macinfo
 *(.debug_macinfo)

.debug_weaknames
 *(.debug_weaknames)

.debug_funcnames
 *(.debug_funcnames)

.debug_typenames
 *(.debug_typenames)

.debug_varnames
 *(.debug_varnames)

.debug_pubtypes
 *(.debug_pubtypes)

.debug_ranges   0x00000000      0x2a0
 *(.debug_ranges)
 .debug_ranges  0x00000000       0x48 RemoteController.o
 .debug_ranges  0x00000048       0x50 ../../../../Library/TWI/TWI/Debug\libTWI.a(TWI.o)
 .debug_ranges  0x00000098       0x40 ../../../../Library/Trace/Trace/Debug\libTrace.a(Trace.o)
 .debug_ranges  0x000000d8       0x18 ../../../../Library/ADC/ADC/Debug\libADC.a(ADC.o)
 .debug_ranges  0x000000f0       0x60 ../../../../Library/LCD/LCD/Debug\libLCD.a(LCD.o)
 .debug_ranges  0x00000150       0x48 ../../../../Library/ExtInt/ExtInt/Debug\libExtInt.a(ExtInt.o)
 .debug_ranges  0x00000198       0x70 ../../../../Library/XY-MK-5V-XY-FST/XY-MK-5V-XY-FST/Debug\libXY-MK-5V-XY-FST.a(XY-MK-5V-XY-FST.o)
 .debug_ranges  0x00000208       0x98 ../../../../Library/UART/UART/Debug\libUART.a(UART.o)

.debug_macro
 *(.debug_macro)
OUTPUT(RemoteController.elf elf32-avr)
LOAD linker stubs
