Archive member included because of file (symbol)

../../../../Library/Trace/Trace/Release\libTrace.a(Trace.o)
                              Quadcopter.o (InitTrace)
../../../../Library/UART/UART/Release\libUART.a(UART.o)
                              ../../../../Library/Trace/Trace/Release\libTrace.a(Trace.o) (UARTTransmitSync)
../../../../Library/PWM/PWM/Release\libPWM.a(PWM.o)
                              Quadcopter.o (InitPWM)
../../../../Library/Transceiver/Transceiver/Release\libTransceiver.a(Transceiver.o)
                              Quadcopter.o (TCTransmitAckPayload)
../../../../Library/Transceiver/Transceiver/Release\libTransceiver.a(Transfer.o)
                              ../../../../Library/Transceiver/Transceiver/Release\libTransceiver.a(Transceiver.o) (TCInitTransfer)
../../../../Library/SPI/SPI/Release\libSPI.a(SPI.o)
                              ../../../../Library/Transceiver/Transceiver/Release\libTransceiver.a(Transfer.o) (InitSPI)
../../../../Library/ExtInt/ExtInt/Release\libExtInt.a(ExtInt.o)
                              Quadcopter.o (InitExtInt)
../../../../Library/TWI/TWI/Release\libTWI.a(TWI.o)
                              Quadcopter.o (InitTWI)
../../../../Library/ADXL345/ADXL345/Release\libADXL345.a(ADXL345.o)
                              Accelerometer.o (ReadADXL345InterruptSource)
../../../../Library/HMC5883L/HMC5883L/Release\libHMC5883L.a(HMC5883L.o)
                              Quadcopter.o (CalculateCompassHeading)
../../../../Library/QuadcopterLib/QuadcopterLib/Release\libQuadcopterLib.a(QuadcopterLib.o)
                              Quadcopter.o (CalculatePulse)
../../../../Library/Common/Common/Release\libCommon.a(Common.o)
                              ../../../../Library/QuadcopterLib/QuadcopterLib/Release\libQuadcopterLib.a(QuadcopterLib.o) (RoundLong)
c:/program files (x86)/atmel/atmel toolchain/avr8 gcc/native/3.4.1061/avr8-gnu-toolchain/bin/../lib/gcc/avr/4.8.1/../../../../avr/lib/avr51\libm.a(addsf3.o)
                              ../../../../Library/Trace/Trace/Release\libTrace.a(Trace.o) (__subsf3)
c:/program files (x86)/atmel/atmel toolchain/avr8 gcc/native/3.4.1061/avr8-gnu-toolchain/bin/../lib/gcc/avr/4.8.1/../../../../avr/lib/avr51\libm.a(addsf3x.o)
                              c:/program files (x86)/atmel/atmel toolchain/avr8 gcc/native/3.4.1061/avr8-gnu-toolchain/bin/../lib/gcc/avr/4.8.1/../../../../avr/lib/avr51\libm.a(addsf3.o) (__addsf3x)
c:/program files (x86)/atmel/atmel toolchain/avr8 gcc/native/3.4.1061/avr8-gnu-toolchain/bin/../lib/gcc/avr/4.8.1/../../../../avr/lib/avr51\libm.a(atan2.o)
                              ../../../../Library/ADXL345/ADXL345/Release\libADXL345.a(ADXL345.o) (atan2)
c:/program files (x86)/atmel/atmel toolchain/avr8 gcc/native/3.4.1061/avr8-gnu-toolchain/bin/../lib/gcc/avr/4.8.1/../../../../avr/lib/avr51\libm.a(atan.o)
                              c:/program files (x86)/atmel/atmel toolchain/avr8 gcc/native/3.4.1061/avr8-gnu-toolchain/bin/../lib/gcc/avr/4.8.1/../../../../avr/lib/avr51\libm.a(atan2.o) (atan)
c:/program files (x86)/atmel/atmel toolchain/avr8 gcc/native/3.4.1061/avr8-gnu-toolchain/bin/../lib/gcc/avr/4.8.1/../../../../avr/lib/avr51\libm.a(cmpsf2.o)
                              ../../../../Library/Trace/Trace/Release\libTrace.a(Trace.o) (__nesf2)
c:/program files (x86)/atmel/atmel toolchain/avr8 gcc/native/3.4.1061/avr8-gnu-toolchain/bin/../lib/gcc/avr/4.8.1/../../../../avr/lib/avr51\libm.a(cos.o)
                              ../../../../Library/HMC5883L/HMC5883L/Release\libHMC5883L.a(HMC5883L.o) (cos)
c:/program files (x86)/atmel/atmel toolchain/avr8 gcc/native/3.4.1061/avr8-gnu-toolchain/bin/../lib/gcc/avr/4.8.1/../../../../avr/lib/avr51\libm.a(divsf3.o)
                              ../../../../Library/QuadcopterLib/QuadcopterLib/Release\libQuadcopterLib.a(QuadcopterLib.o) (__divsf3)
c:/program files (x86)/atmel/atmel toolchain/avr8 gcc/native/3.4.1061/avr8-gnu-toolchain/bin/../lib/gcc/avr/4.8.1/../../../../avr/lib/avr51\libm.a(divsf3x.o)
                              c:/program files (x86)/atmel/atmel toolchain/avr8 gcc/native/3.4.1061/avr8-gnu-toolchain/bin/../lib/gcc/avr/4.8.1/../../../../avr/lib/avr51\libm.a(divsf3.o) (__divsf3x)
c:/program files (x86)/atmel/atmel toolchain/avr8 gcc/native/3.4.1061/avr8-gnu-toolchain/bin/../lib/gcc/avr/4.8.1/../../../../avr/lib/avr51\libm.a(fixsfdi.o)
                              ../../../../Library/Trace/Trace/Release\libTrace.a(Trace.o) (__fixsfdi)
c:/program files (x86)/atmel/atmel toolchain/avr8 gcc/native/3.4.1061/avr8-gnu-toolchain/bin/../lib/gcc/avr/4.8.1/../../../../avr/lib/avr51\libm.a(fixsfsi.o)
                              ../../../../Library/UART/UART/Release\libUART.a(UART.o) (__fixsfsi)
c:/program files (x86)/atmel/atmel toolchain/avr8 gcc/native/3.4.1061/avr8-gnu-toolchain/bin/../lib/gcc/avr/4.8.1/../../../../avr/lib/avr51\libm.a(fixunssfsi.o)
[...]
Memory Configuration

Name             Origin             Length             Attributes
text             0x00000000         0x00020000         xr
data             0x00800100         0x0000ff00         rw !x
eeprom           0x00810000         0x00010000         rw !x
fuse             0x00820000         0x00000400         rw !x
lock             0x00830000         0x00000400         rw !x
signature        0x00840000         0x00000400         rw !x
user_signatures  0x00850000         0x00000400         rw !x
*default*        0x00000000         0xffffffff

Linker script and memory map

Address of section .data set to 0x800100
LOAD c:/program files (x86)/atmel/atmel toolchain/avr8 gcc/native/3.4.1061/avr8-gnu-toolchain/bin/../lib/gcc/avr/4.8.1/../../../../avr/lib/avr51/crtm1284p.o
LOAD Accelerometer.o
LOAD Quadcopter.o
START GROUP
LOAD c:/program files (x86)/atmel/atmel toolchain/avr8 gcc/native/3.4.1061/avr8-gnu-toolchain/bin/../lib/gcc/avr/4.8.1/../../../../avr/lib/avr51\libm.a
LOAD ../../../../Library/Trace/Trace/Release\libTrace.a
LOAD ../../../../Library/UART/UART/Release\libUART.a
LOAD ../../../../Library/PWM/PWM/Release\libPWM.a
LOAD ../../../../Library/Transceiver/Transceiver/Release\libTransceiver.a
LOAD ../../../../Library/SPI/SPI/Release\libSPI.a
LOAD ../../../../Library/ExtInt/ExtInt/Release\libExtInt.a
LOAD ../../../../Library/TWI/TWI/Release\libTWI.a
LOAD ../../../../Library/ADXL345/ADXL345/Release\libADXL345.a
LOAD ../../../../Library/HMC5883L/HMC5883L/Release\libHMC5883L.a
LOAD ../../../../Library/QuadcopterLib/QuadcopterLib/Release\libQuadcopterLib.a
LOAD ../../../../Library/Common/Common/Release\libCommon.a
END GROUP
START GROUP
LOAD c:/program files (x86)/atmel/atmel toolchain/avr8 gcc/native/3.4.1061/avr8-gnu-toolchain/bin/../lib/gcc/avr/4.8.1/avr51\libgcc.a
LOAD c:/program files (x86)/atmel/atmel toolchain/avr8 gcc/native/3.4.1061/avr8-gnu-toolchain/bin/../lib/gcc/avr/4.8.1/../../../../avr/lib/avr51\libm.a
LOAD c:/program files (x86)/atmel/atmel toolchain/avr8 gcc/native/3.4.1061/avr8-gnu-toolchain/bin/../lib/gcc/avr/4.8.1/../../../../avr/lib/avr51\libc.a
END GROUP

.hash
 *(.hash)

.dynsym
 *(.dynsym)

.dynstr
 *(.dynstr)

.gnu.version
 *(.gnu.version)

.gnu.version_d
 *(.gnu.version_d)

.gnu.version_r
 *(.gnu.version_r)

.rel.init
 *(.rel.init)

.rela.init
 *(.rela.init)

.rel.text
 *(.rel.text)
 *(.rel.text.*)
 *(.rel.gnu.linkonce.t*)

.rela.text
 *(.rela.text)
 *(.rela.text.*)
 *(.rela.gnu.linkonce.t*)

.rel.fini
 *(.rel.fini)

.rela.fini
 *(.rela.fini)

.rel.rodata
 *(.rel.rodata)
 *(.rel.rodata.*)
 *(.rel.gnu.linkonce.r*)

.rela.rodata
 *(.rela.rodata)
 *(.rela.rodata.*)
 *(.rela.gnu.linkonce.r*)

.rel.data
 *(.rel.data)
 *(.rel.data.*)
 *(.rel.gnu.linkonce.d*)

.rela.data
 *(.rela.data)
 *(.rela.data.*)
 *(.rela.gnu.linkonce.d*)

.rel.ctors
 *(.rel.ctors)

.rela.ctors
 *(.rela.ctors)

.rel.dtors
 *(.rel.dtors)

.rela.dtors
 *(.rela.dtors)

.rel.got
 *(.rel.got)

.rela.got
 *(.rela.got)

.rel.bss
 *(.rel.bss)

.rela.bss
 *(.rela.bss)

.rel.plt
 *(.rel.plt)

.rela.plt
 *(.rela.plt)

.text           0x00000000     0x3adc
 *(.vectors)
 .vectors       0x00000000       0x8c c:/program files (x86)/atmel/atmel toolchain/avr8 gcc/native/3.4.1061/avr8-gnu-toolchain/bin/../lib/gcc/avr/4.8.1/../../../../avr/lib/avr51/crtm1284p.o
                0x00000000                __vector_default
                0x00000000                __vectors
 *(.vectors)
 *(.progmem.gcc*)
 .progmem.gcc_fplib
                0x0000008c       0x2d c:/program files (x86)/atmel/atmel toolchain/avr8 gcc/native/3.4.1061/avr8-gnu-toolchain/bin/../lib/gcc/avr/4.8.1/../../../../avr/lib/avr51\libm.a(atan.o)
 .progmem.gcc_fplib
                0x000000b9       0x1e c:/program files (x86)/atmel/atmel toolchain/avr8 gcc/native/3.4.1061/avr8-gnu-toolchain/bin/../lib/gcc/avr/4.8.1/../../../../avr/lib/avr51\libm.a(fp_sinus.o)
                0x000000d8                . = ALIGN (0x2)
 *fill*         0x000000d7        0x1 
                0x000000d8                __trampolines_start = .
 *(.trampolines)
 .trampolines   0x000000d8        0x0 linker stubs
 *(.trampolines*)
                0x000000d8                __trampolines_end = .
 *(.progmem*)
                0x000000d8                . = ALIGN (0x2)
 *(.jumptables)
 *(.jumptables*)
 *(.lowtext)
 *(.lowtext*)
                0x000000d8                __ctors_start = .
 *(.ctors)
                0x000000d8                __ctors_end = .
                0x000000d8                __dtors_start = .
 *(.dtors)
                0x000000d8                __dtors_end = .
 SORT(*)(.ctors)
 SORT(*)(.dtors)
 *(.init0)
 .init0         0x000000d8        0x0 c:/program files (x86)/atmel/atmel toolchain/avr8 gcc/native/3.4.1061/avr8-gnu-toolchain/bin/../lib/gcc/avr/4.8.1/../../../../avr/lib/avr51/crtm1284p.o
                0x000000d8                __init
 *(.init0)
 *(.init1)
 *(.init1)
 *(.init2)
 .init2         0x000000d8        0xc c:/program files (x86)/atmel/atmel toolchain/avr8 gcc/native/3.4.1061/avr8-gnu-toolchain/bin/../lib/gcc/avr/4.8.1/../../../../avr/lib/avr51/crtm1284p.o
 *(.init2)
 *(.init3)
 *(.init3)
 *(.init4)
 .init4         0x000000e4       0x1a c:/program files (x86)/atmel/atmel toolchain/avr8 gcc/native/3.4.1061/avr8-gnu-toolchain/bin/../lib/gcc/avr/4.8.1/avr51\libgcc.a(_copy_data.o)
                0x000000e4                __do_copy_data
 .init4         0x000000fe       0x10 c:/program files (x86)/atmel/atmel toolchain/avr8 gcc/native/3.4.1061/avr8-gnu-toolchain/bin/../lib/gcc/avr/4.8.1/avr51\libgcc.a(_clear_bss.o)
                0x000000fe                __do_clear_bss
 *(.init4)
 *(.init5)
 *(.init5)
 *(.init6)
 *(.init6)
 *(.init7)
 *(.init7)
 *(.init8)
 *(.init8)
 *(.init9)
 .init9         0x0000010e        0x6 c:/program files (x86)/atmel/atmel toolchain/avr8 gcc/native/3.4.1061/avr8-gnu-toolchain/bin/../lib/gcc/avr/4.8.1/../../../../avr/lib/avr51/crtm1284p.o
 *(.init9)
 *(.text)
 .text          0x00000114        0x2 c:/program files (x86)/atmel/atmel toolchain/avr8 gcc/native/3.4.1061/avr8-gnu-toolchain/bin/../lib/gcc/avr/4.8.1/../../../../avr/lib/avr51/crtm1284p.o
                0x00000114                __vector_32
                0x00000114                __vector_34
                0x00000114                __vector_24
                0x00000114                __vector_12
                0x00000114                __bad_interrupt
                0x00000114                __vector_6
                0x00000114                __vector_31
                0x00000114                __vector_23
                0x00000114                __vector_25
                0x00000114                __vector_13
                0x00000114                __vector_17
                0x00000114                __vector_19
                0x00000114                __vector_7
                0x00000114                __vector_27
                0x00000114                __vector_5
                0x00000114                __vector_33
                0x00000114                __vector_4
                0x00000114                __vector_9
                0x00000114                __vector_21
                0x00000114                __vector_29
                0x00000114                __vector_8
                0x00000114                __vector_26
                0x00000114                __vector_14
                0x00000114                __vector_10
                0x00000116                . = ALIGN (0x2)
 *(.text.*)
 .text.InitializeAccelerometer
                0x00000116       0xe2 Accelerometer.o
                0x00000116                InitializeAccelerometer
 .text.ReadAccelerometerData
                0x000001f8      0x12c Accelerometer.o
                0x000001f8                ReadAccelerometerData
 .text.InitTransmitter
                0x00000324       0x80 Quadcopter.o
                0x00000324                InitTransmitter
 .text.PerformHandshake
                0x000003a4       0xf2 Quadcopter.o
                0x000003a4                PerformHandshake
 .text.InitializeWatchDogTimer
                0x00000496       0x12 Quadcopter.o
                0x00000496                InitializeWatchDogTimer
 .text.SendCompassHeading
                0x000004a8       0xf2 Quadcopter.o
                0x000004a8                SendCompassHeading
 .text.FlyCopter
                0x0000059a      0x158 Quadcopter.o
                0x0000059a                FlyCopter
 .text.startup.main
                0x000006f2       0xb0 Quadcopter.o
                0x000006f2                main
 .text.__vector_18
                0x000007a2       0x30 Quadcopter.o
                0x000007a2                __vector_18
 .text.InitTrace
                0x000007d2        0x2 ../../../../Library/Trace/Trace/Release\libTrace.a(Trace.o)
                0x000007d2                InitTrace
 .text.SendTrace
                0x000007d4        0xe ../../../../Library/Trace/Trace/Release\libTrace.a(Trace.o)
                0x000007d4                SendTrace
 .text.__vector_16
                0x000007e2       0x1e ../../../../Library/UART/UART/Release\libUART.a(UART.o)
                0x000007e2                __vector_16
 .text.__vector_20
                0x00000800       0x64 ../../../../Library/UART/UART/Release\libUART.a(UART.o)
                0x00000800                __vector_20
 .text.__vector_28
                0x00000864       0x64 ../../../../Library/UART/UART/Release\libUART.a(UART.o)
                0x00000864                __vector_28
 .text.__vector_22
                0x000008c8       0x64 ../../../../Library/UART/UART/Release\libUART.a(UART.o)
                0x000008c8                __vector_22
 .text.__vector_30
                0x0000092c       0x64 ../../../../Library/UART/UART/Release\libUART.a(UART.o)
                0x0000092c                __vector_30
 .text.InitPWM  0x00000990       0x58 ../../../../Library/PWM/PWM/Release\libPWM.a(PWM.o)
                0x00000990                InitPWM
 .text.PWMChangePulseDuration
                0x000009e8       0x62 ../../../../Library/PWM/PWM/Release\libPWM.a(PWM.o)
                0x000009e8                PWMChangePulseDuration
 .text.__vector_15
                0x00000a4a       0x40 ../../../../Library/PWM/PWM/Release\libPWM.a(PWM.o)
                0x00000a4a                __vector_15
 .text.__vector_11
                0x00000a8a       0x30 ../../../../Library/PWM/PWM/Release\libPWM.a(PWM.o)
                0x00000a8a                __vector_11
 .text.TCFlushFIFO
                0x00000aba       0x34 ../../../../Library/Transceiver/Transceiver/Release\libTransceiver.a(Transceiver.o)
                0x00000aba                TCFlushFIFO
 .text.TCTransmit
                0x00000aee      0x106 ../../../../Library/Transceiver/Transceiver/Release\libTransceiver.a(Transceiver.o)
                0x00000aee                TCTransmit
 .text.TCTransmitAckPayload
                0x00000bf4       0x50 ../../../../Library/Transceiver/Transceiver/Release\libTransceiver.a(Transceiver.o)
                0x00000bf4                TCTransmitAckPayload
 .text.TCReceive
                0x00000c44       0x70 ../../../../Library/Transceiver/Transceiver/Release\libTransceiver.a(Transceiver.o)
                0x00000c44                TCReceive
 .text.TCGetReceivedPayloadLength
                0x00000cb4       0x74 ../../../../Library/Transceiver/Transceiver/Release\libTransceiver.a(Transceiver.o)
                0x00000cb4                TCGetReceivedPayloadLength
 .text.TCReceivePayload
                0x00000d28       0x96 ../../../../Library/Transceiver/Transceiver/Release\libTransceiver.a(Transceiver.o)
                0x00000d28                TCReceivePayload
 .text.TCReadReg
                0x00000dbe       0x1a ../../../../Library/Transceiver/Transceiver/Release\libTransceiver.a(Transceiver.o)
                0x00000dbe                TCReadReg
 .text.TCWriteReg
                0x00000dd8       0x5c ../../../../Library/Transceiver/Transceiver/Release\libTransceiver.a(Transceiver.o)
                0x00000dd8                TCWriteReg
 .text.InitTransceiver
                0x00000e34      0x2a2 ../../../../Library/Transceiver/Transceiver/Release\libTransceiver.a(Transceiver.o)
                0x00000e34                InitTransceiver
 .text.TCIsReceivePayloadAvailable
                0x000010d6       0x4e ../../../../Library/Transceiver/Transceiver/Release\libTransceiver.a(Transceiver.o)
                0x000010d6                TCIsReceivePayloadAvailable
 .text.TCIntCallback
                0x00001124       0xb2 ../../../../Library/Transceiver/Transceiver/Release\libTransceiver.a(Transceiver.o)
                0x00001124                TCIntCallback
 .text.TCInitTransfer
                0x000011d6       0x30 ../../../../Library/Transceiver/Transceiver/Release\libTransceiver.a(Transfer.o)
                0x000011d6                TCInitTransfer
 .text.InitSPI  0x00001206       0x6c ../../../../Library/SPI/SPI/Release\libSPI.a(SPI.o)
                0x00001206                InitSPI
 .text.SPIBeginTransfer
                0x00001272        0x4 ../../../../Library/SPI/SPI/Release\libSPI.a(SPI.o)
                0x00001272                SPIBeginTransfer
 .text.SPIEndTransfer
                0x00001276        0x4 ../../../../Library/SPI/SPI/Release\libSPI.a(SPI.o)
                0x00001276                SPIEndTransfer
 .text.SPIMasterTransfer
                0x0000127a       0x88 ../../../../Library/SPI/SPI/Release\libSPI.a(SPI.o)
                0x0000127a                SPIMasterTransfer
 .text.InitExtInt
                0x00001302       0x2e ../../../../Library/ExtInt/ExtInt/Release\libExtInt.a(ExtInt.o)
                0x00001302                InitExtInt
 .text.RegisterExtInterrupt
                0x00001330      0x112 ../../../../Library/ExtInt/ExtInt/Release\libExtInt.a(ExtInt.o)
                0x00001330                RegisterExtInterrupt
 .text.__vector_1
                0x00001442       0x66 ../../../../Library/ExtInt/ExtInt/Release\libExtInt.a(ExtInt.o)
                0x00001442                __vector_1
 .text.__vector_2
                0x000014a8       0x66 ../../../../Library/ExtInt/ExtInt/Release\libExtInt.a(ExtInt.o)
                0x000014a8                __vector_2
 .text.__vector_3
                0x0000150e       0x66 ../../../../Library/ExtInt/ExtInt/Release\libExtInt.a(ExtInt.o)
                0x0000150e                __vector_3
 .text.InitTWI  0x00001574       0x7e ../../../../Library/TWI/TWI/Release\libTWI.a(TWI.o)
                0x00001574                InitTWI
 .text.SendStartCondition
                0x000015f2       0x48 ../../../../Library/TWI/TWI/Release\libTWI.a(TWI.o)
                0x000015f2                SendStartCondition
 .text.SendStopCondition
                0x0000163a       0x20 ../../../../Library/TWI/TWI/Release\libTWI.a(TWI.o)
                0x0000163a                SendStopCondition
 .text.Transmit
                0x0000165a       0xc8 ../../../../Library/TWI/TWI/Release\libTWI.a(TWI.o)
                0x0000165a                Transmit
 .text.TwiMasterTransmit
                0x00001722       0xc0 ../../../../Library/TWI/TWI/Release\libTWI.a(TWI.o)
                0x00001722                TwiMasterTransmit
 .text.TwiTransmit
                0x000017e2       0xa6 ../../../../Library/TWI/TWI/Release\libTWI.a(TWI.o)
                0x000017e2                TwiTransmit
 .text.Receive  0x00001888       0xee ../../../../Library/TWI/TWI/Release\libTWI.a(TWI.o)
                0x00001888                Receive
 .text.TwiMasterReceive
                0x00001976       0xc2 ../../../../Library/TWI/TWI/Release\libTWI.a(TWI.o)
                0x00001976                TwiMasterReceive
 .text.TwiReceive
                0x00001a38       0x84 ../../../../Library/TWI/TWI/Release\libTWI.a(TWI.o)
                0x00001a38                TwiReceive
 .text.ReadADXL345Register
                0x00001abc       0x82 ../../../../Library/ADXL345/ADXL345/Release\libADXL345.a(ADXL345.o)
                0x00001abc                ReadADXL345Register
 .text.ReadADXL345InterruptSource
                0x00001b3e       0x60 ../../../../Library/ADXL345/ADXL345/Release\libADXL345.a(ADXL345.o)
                0x00001b3e                ReadADXL345InterruptSource
 .text.ReadADXL345FifoStatus
                0x00001b9e       0x60 ../../../../Library/ADXL345/ADXL345/Release\libADXL345.a(ADXL345.o)
                0x00001b9e                ReadADXL345FifoStatus
 .text.ReadADXL345RawData
                0x00001bfe       0x60 ../../../../Library/ADXL345/ADXL345/Release\libADXL345.a(ADXL345.o)
                0x00001bfe                ReadADXL345RawData
 .text.FlushADXL345Fifo
                0x00001c5e       0x7e ../../../../Library/ADXL345/ADXL345/Release\libADXL345.a(ADXL345.o)
                0x00001c5e                FlushADXL345Fifo
 .text.ReadADXL345AccAndTiltData
                0x00001cdc      0x258 ../../../../Library/ADXL345/ADXL345/Release\libADXL345.a(ADXL345.o)
                0x00001cdc                ReadADXL345AccAndTiltData
 .text.CheckADXL345DeviceId
                0x00001f34       0x6c ../../../../Library/ADXL345/ADXL345/Release\libADXL345.a(ADXL345.o)
                0x00001f34                CheckADXL345DeviceId
 .text.InitADXL345DevAddress
                0x00001fa0       0x46 ../../../../Library/ADXL345/ADXL345/Release\libADXL345.a(ADXL345.o)
                0x00001fa0                InitADXL345DevAddress
 .text.SetADXL345Register
                0x00001fe6       0xd4 ../../../../Library/ADXL345/ADXL345/Release\libADXL345.a(ADXL345.o)
                0x00001fe6                SetADXL345Register
 .text.EnableDisableADXL345StandbyMode
                0x000020ba       0x9c ../../../../Library/ADXL345/ADXL345/Release\libADXL345.a(ADXL345.o)
                0x000020ba                EnableDisableADXL345StandbyMode
 .text.ProgramADXL345PowerCtl
                0x00002156      0x100 ../../../../Library/ADXL345/ADXL345/Release\libADXL345.a(ADXL345.o)
                0x00002156                ProgramADXL345PowerCtl
 .text.ProgramADXL345Interrupts
                0x00002256       0x82 ../../../../Library/ADXL345/ADXL345/Release\libADXL345.a(ADXL345.o)
                0x00002256                ProgramADXL345Interrupts
 .text.ProgramADXL345FifoControl
                0x000022d8       0x60 ../../../../Library/ADXL345/ADXL345/Release\libADXL345.a(ADXL345.o)
                0x000022d8                ProgramADXL345FifoControl
 .text.ProgramADXL345DataFormat
                0x00002338      0x120 ../../../../Library/ADXL345/ADXL345/Release\libADXL345.a(ADXL345.o)
                0x00002338                ProgramADXL345DataFormat
 .text.ProgramADXL345ActivityInactivityDetection
                0x00002458       0xc2 ../../../../Library/ADXL345/ADXL345/Release\libADXL345.a(ADXL345.o)
                0x00002458                ProgramADXL345ActivityInactivityDetection
 .text.CalculateCompassHeading
                0x0000251a      0x22a ../../../../Library/HMC5883L/HMC5883L/Release\libHMC5883L.a(HMC5883L.o)
                0x0000251a                CalculateCompassHeading
 .text.ReadHMC5883LRegister
                0x00002744       0x82 ../../../../Library/HMC5883L/HMC5883L/Release\libHMC5883L.a(HMC5883L.o)
                0x00002744                ReadHMC5883LRegister
 .text.PrintHMC5883LConfigRegisters
                0x000027c6       0xbe ../../../../Library/HMC5883L/HMC5883L/Release\libHMC5883L.a(HMC5883L.o)
                0x000027c6                PrintHMC5883LConfigRegisters
 .text.ReadHMC5883LData
                0x00002884       0x94 ../../../../Library/HMC5883L/HMC5883L/Release\libHMC5883L.a(HMC5883L.o)
                0x00002884                ReadHMC5883LData
 .text.SetHMC5883LRegister
                0x00002918       0xd4 ../../../../Library/HMC5883L/HMC5883L/Release\libHMC5883L.a(HMC5883L.o)
                0x00002918                SetHMC5883LRegister
 .text.IsHMC5883LDataReady
                0x000029ec       0x6e ../../../../Library/HMC5883L/HMC5883L/Release\libHMC5883L.a(HMC5883L.o)
                0x000029ec                IsHMC5883LDataReady
 .text.ReadHMC5883LContinuousMeasurementData
                0x00002a5a       0xd8 ../../../../Library/HMC5883L/HMC5883L/Release\libHMC5883L.a(HMC5883L.o)
                0x00002a5a                ReadHMC5883LContinuousMeasurementData
 .text.CheckHMC5883LDeviceId
                0x00002b32       0xee ../../../../Library/HMC5883L/HMC5883L/Release\libHMC5883L.a(HMC5883L.o)
                0x00002b32                CheckHMC5883LDeviceId
 .text.InitHMC5883LMagnetometer
                0x00002c20      0x15c ../../../../Library/HMC5883L/HMC5883L/Release\libHMC5883L.a(HMC5883L.o)
                0x00002c20                InitHMC5883LMagnetometer
 .text.CalculatePulse
                0x00002d7c      0x38e ../../../../Library/QuadcopterLib/QuadcopterLib/Release\libQuadcopterLib.a(QuadcopterLib.o)
                0x00002d7c                CalculatePulse
 .text.PerformEmergencyLanding
                0x0000310a       0x50 ../../../../Library/QuadcopterLib/QuadcopterLib/Release\libQuadcopterLib.a(QuadcopterLib.o)
                0x0000310a                PerformEmergencyLanding
 .text.RoundLong
                0x0000315a       0x72 ../../../../Library/Common/Common/Release\libCommon.a(Common.o)
                0x0000315a                RoundLong
 .text.avr-libc.fplib
                0x000031cc        0xa c:/program files (x86)/atmel/atmel toolchain/avr8 gcc/native/3.4.1061/avr8-gnu-toolchain/bin/../lib/gcc/avr/4.8.1/../../../../avr/lib/avr51\libm.a(addsf3.o)
                0x000031cc                __subsf3
                0x000031ce                __addsf3
 .text.avr-libc.fplib
                0x000031d6       0xc0 c:/program files (x86)/atmel/atmel toolchain/avr8 gcc/native/3.4.1061/avr8-gnu-toolchain/bin/../lib/gcc/avr/4.8.1/../../../../avr/lib/avr51\libm.a(addsf3x.o)
                0x000031f0                __addsf3x
 .text.avr-libc.fplib
                0x00003296       0x74 c:/program files (x86)/atmel/atmel toolchain/avr8 gcc/native/3.4.1061/avr8-gnu-toolchain/bin/../lib/gcc/avr/4.8.1/../../../../avr/lib/avr51\libm.a(atan2.o)
                0x000032b4                atan2
 .text.avr-libc.fplib
                0x0000330a       0x50 c:/program files (x86)/atmel/atmel toolchain/avr8 gcc/native/3.4.1061/avr8-gnu-toolchain/bin/../lib/gcc/avr/4.8.1/../../../../avr/lib/avr51\libm.a(atan.o)
                0x0000330a                atan
 .text.avr-libc.fplib
                0x0000335a        0x8 c:/program files (x86)/atmel/atmel toolchain/avr8 gcc/native/3.4.1061/avr8-gnu-toolchain/bin/../lib/gcc/avr/4.8.1/../../../../avr/lib/avr51\libm.a(cmpsf2.o)
                0x0000335a                __nesf2
                0x0000335a                __eqsf2
                0x0000335a                __cmpsf2
                0x0000335a                __ltsf2
                0x0000335a                __lesf2
 .text.avr-libc.fplib
                0x00003362        0x6 c:/program files (x86)/atmel/atmel toolchain/avr8 gcc/native/3.4.1061/avr8-gnu-toolchain/bin/../lib/gcc/avr/4.8.1/../../../../avr/lib/avr51\libm.a(cos.o)
                0x00003362                cos
 .text.avr-libc.fplib
                0x00003368        0x4 c:/program files (x86)/atmel/atmel toolchain/avr8 gcc/native/3.4.1061/avr8-gnu-toolchain/bin/../lib/gcc/avr/4.8.1/../../../../avr/lib/avr51\libm.a(divsf3.o)
                0x00003368                __divsf3
 .text.avr-libc.fplib
                0x0000336c       0xcc c:/program files (x86)/atmel/atmel toolchain/avr8 gcc/native/3.4.1061/avr8-gnu-toolchain/bin/../lib/gcc/avr/4.8.1/../../../../avr/lib/avr51\libm.a(divsf3x.o)
                0x00003382                __divsf3x
                0x00003386                __divsf3_pse
 .text.avr-libc.fplib
                0x00003438        0xa c:/program files (x86)/atmel/atmel toolchain/avr8 gcc/native/3.4.1061/avr8-gnu-toolchain/bin/../lib/gcc/avr/4.8.1/../../../../avr/lib/avr51\libm.a(fixsfsi.o)
                0x00003438                __fixsfsi
 .text.avr-libc.fplib
                0x00003442       0x58 c:/program files (x86)/atmel/atmel toolchain/avr8 gcc/native/3.4.1061/avr8-gnu-toolchain/bin/../lib/gcc/avr/4.8.1/../../../../avr/lib/avr51\libm.a(fixunssfsi.o)
                0x00003442                __fixunssfsi
 .text.avr-libc.fplib
                0x0000349a       0x7a c:/program files (x86)/atmel/atmel toolchain/avr8 gcc/native/3.4.1061/avr8-gnu-toolchain/bin/../lib/gcc/avr/4.8.1/../../../../avr/lib/avr51\libm.a(floatsisf.o)
                0x0000349a                __floatunsisf
                0x0000349e                __floatsisf
 .text.avr-libc.fplib
                0x00003514       0x48 c:/program files (x86)/atmel/atmel toolchain/avr8 gcc/native/3.4.1061/avr8-gnu-toolchain/bin/../lib/gcc/avr/4.8.1/../../../../avr/lib/avr51\libm.a(fp_cmp.o)
                0x00003514                __fp_cmp
 .text.avr-libc.fplib
                0x0000355c        0xc c:/program files (x86)/atmel/atmel toolchain/avr8 gcc/native/3.4.1061/avr8-gnu-toolchain/bin/../lib/gcc/avr/4.8.1/../../../../avr/lib/avr51\libm.a(fp_inf.o)
                0x0000355c                __fp_inf
 .text.avr-libc.fplib
                0x00003568        0x6 c:/program files (x86)/atmel/atmel toolchain/avr8 gcc/native/3.4.1061/avr8-gnu-toolchain/bin/../lib/gcc/avr/4.8.1/../../../../avr/lib/avr51\libm.a(fp_nan.o)
                0x00003568                __fp_nan
 .text.avr-libc.fplib
                0x0000356e       0x4a c:/program files (x86)/atmel/atmel toolchain/avr8 gcc/native/3.4.1061/avr8-gnu-toolchain/bin/../lib/gcc/avr/4.8.1/../../../../avr/lib/avr51\libm.a(fp_powser.o)
                0x0000356e                __fp_powser
 .text.avr-libc.fplib
                0x000035b8        0xe c:/program files (x86)/atmel/atmel toolchain/avr8 gcc/native/3.4.1061/avr8-gnu-toolchain/bin/../lib/gcc/avr/4.8.1/../../../../avr/lib/avr51\libm.a(fp_pscA.o)
                0x000035b8                __fp_pscA
 .text.avr-libc.fplib
                0x000035c6        0xe c:/program files (x86)/atmel/atmel toolchain/avr8 gcc/native/3.4.1061/avr8-gnu-toolchain/bin/../lib/gcc/avr/4.8.1/../../../../avr/lib/avr51\libm.a(fp_pscB.o)
                0x000035c6                __fp_pscB
 .text.avr-libc.fplib
                0x000035d4       0x50 c:/program files (x86)/atmel/atmel toolchain/avr8 gcc/native/3.4.1061/avr8-gnu-toolchain/bin/../lib/gcc/avr/4.8.1/../../../../avr/lib/avr51\libm.a(fp_rempio2.o)
                0x000035d6                __fp_rempio2
 .text.avr-libc.fplib
                0x00003624       0x22 c:/program files (x86)/atmel/atmel toolchain/avr8 gcc/native/3.4.1061/avr8-gnu-toolchain/bin/../lib/gcc/avr/4.8.1/../../../../avr/lib/avr51\libm.a(fp_round.o)
                0x00003624                __fp_round
 .text.avr-libc.fplib
                0x00003646       0x22 c:/program files (x86)/atmel/atmel toolchain/avr8 gcc/native/3.4.1061/avr8-gnu-toolchain/bin/../lib/gcc/avr/4.8.1/../../../../avr/lib/avr51\libm.a(fp_sinus.o)
                0x00003646                __fp_sinus
 .text.avr-libc.fplib
                0x00003668       0x44 c:/program files (x86)/atmel/atmel toolchain/avr8 gcc/native/3.4.1061/avr8-gnu-toolchain/bin/../lib/gcc/avr/4.8.1/../../../../avr/lib/avr51\libm.a(fp_split3.o)
                0x00003668                __fp_split3
                0x00003678                __fp_splitA
 .text.avr-libc.fplib
                0x000036ac        0xe c:/program files (x86)/atmel/atmel toolchain/avr8 gcc/native/3.4.1061/avr8-gnu-toolchain/bin/../lib/gcc/avr/4.8.1/../../../../avr/lib/avr51\libm.a(fp_zero.o)
                0x000036ac                __fp_zero
                0x000036ae                __fp_szero
 .text.avr-libc.fplib
                0x000036ba        0x8 c:/program files (x86)/atmel/atmel toolchain/avr8 gcc/native/3.4.1061/avr8-gnu-toolchain/bin/../lib/gcc/avr/4.8.1/../../../../avr/lib/avr51\libm.a(gesf2.o)
                0x000036ba                __gesf2
                0x000036ba                __gtsf2
 .text.avr-libc.fplib
                0x000036c2        0xe c:/program files (x86)/atmel/atmel toolchain/avr8 gcc/native/3.4.1061/avr8-gnu-toolchain/bin/../lib/gcc/avr/4.8.1/../../../../avr/lib/avr51\libm.a(inverse.o)
                0x000036c2                inverse
 .text.avr-libc.fplib
                0x000036d0        0x4 c:/program files (x86)/atmel/atmel toolchain/avr8 gcc/native/3.4.1061/avr8-gnu-toolchain/bin/../lib/gcc/avr/4.8.1/../../../../avr/lib/avr51\libm.a(mulsf3.o)
                0x000036d0                __mulsf3
 .text.avr-libc.fplib
                0x000036d4       0xc2 c:/program files (x86)/atmel/atmel toolchain/avr8 gcc/native/3.4.1061/avr8-gnu-toolchain/bin/../lib/gcc/avr/4.8.1/../../../../avr/lib/avr51\libm.a(mulsf3x.o)
                0x000036e8                __mulsf3x
                0x000036ec                __mulsf3_pse
 .text.avr-libc.fplib
                0x00003796        0xc c:/program files (x86)/atmel/atmel toolchain/avr8 gcc/native/3.4.1061/avr8-gnu-toolchain/bin/../lib/gcc/avr/4.8.1/../../../../avr/lib/avr51\libm.a(sin.o)
                0x00003796                sin
 .text.avr-libc.fplib
                0x000037a2       0x84 c:/program files (x86)/atmel/atmel toolchain/avr8 gcc/native/3.4.1061/avr8-gnu-toolchain/bin/../lib/gcc/avr/4.8.1/../../../../avr/lib/avr51\libm.a(sqrt.o)
                0x000037aa                sqrt
 .text.avr-libc.fplib
                0x00003826        0x6 c:/program files (x86)/atmel/atmel toolchain/avr8 gcc/native/3.4.1061/avr8-gnu-toolchain/bin/../lib/gcc/avr/4.8.1/../../../../avr/lib/avr51\libm.a(square.o)
                0x00003826                square
 .text.avr-libc.fplib
                0x0000382c       0x1c c:/program files (x86)/atmel/atmel toolchain/avr8 gcc/native/3.4.1061/avr8-gnu-toolchain/bin/../lib/gcc/avr/4.8.1/../../../../avr/lib/avr51\libm.a(fp_mpack.o)
                0x0000382c                __fp_mpack
                0x00003830                __fp_mpack_finite
 .text.avr-libc.fplib
                0x00003848        0xe c:/program files (x86)/atmel/atmel toolchain/avr8 gcc/native/3.4.1061/avr8-gnu-toolchain/bin/../lib/gcc/avr/4.8.1/../../../../avr/lib/avr51\libm.a(fp_norm2.o)
                0x00003848                __fp_norm2
 .text.avr-libc.fplib
                0x00003856       0x22 c:/program files (x86)/atmel/atmel toolchain/avr8 gcc/native/3.4.1061/avr8-gnu-toolchain/bin/../lib/gcc/avr/4.8.1/../../../../avr/lib/avr51\libm.a(fp_powsodd.o)
                0x00003856                __fp_powsodd
 .text.avr-libc
                0x00003878      0x24e c:/program files (x86)/atmel/atmel toolchain/avr8 gcc/native/3.4.1061/avr8-gnu-toolchain/bin/../lib/gcc/avr/4.8.1/../../../../avr/lib/avr51\libc.a(malloc.o)
                0x00003878                malloc
                0x000039a8                free
 .text.avr-libc
                0x00003ac6       0x12 c:/program files (x86)/atmel/atmel toolchain/avr8 gcc/native/3.4.1061/avr8-gnu-toolchain/bin/../lib/gcc/avr/4.8.1/../../../../avr/lib/avr51\libc.a(memcpy.o)
                0x00003ac6                memcpy
                0x00003ad8                . = ALIGN (0x2)
 *(.fini9)
 .fini9         0x00003ad8        0x0 c:/program files (x86)/atmel/atmel toolchain/avr8 gcc/native/3.4.1061/avr8-gnu-toolchain/bin/../lib/gcc/avr/4.8.1/avr51\libgcc.a(_exit.o)
                0x00003ad8                _exit
                0x00003ad8                exit
 *(.fini9)
 *(.fini8)
 *(.fini8)
 *(.fini7)
 *(.fini7)
 *(.fini6)
 *(.fini6)
 *(.fini5)
 *(.fini5)
 *(.fini4)
 *(.fini4)
 *(.fini3)
 *(.fini3)
 *(.fini2)
 *(.fini2)
 *(.fini1)
 *(.fini1)
 *(.fini0)
 .fini0         0x00003ad8        0x4 c:/program files (x86)/atmel/atmel toolchain/avr8 gcc/native/3.4.1061/avr8-gnu-toolchain/bin/../lib/gcc/avr/4.8.1/avr51\libgcc.a(_exit.o)
 *(.fini0)
                0x00003adc                _etext = .

.data           0x00800100     0x14d8 load address 0x00003adc
                0x00800100                PROVIDE (__data_start, .)
 *(.data)
 .data          0x00800100        0x6 c:/program files (x86)/atmel/atmel toolchain/avr8 gcc/native/3.4.1061/avr8-gnu-toolchain/bin/../lib/gcc/avr/4.8.1/../../../../avr/lib/avr51\libc.a(malloc.o)
                0x00800100                __malloc_heap_end
                0x00800102                __malloc_heap_start
                0x00800104                __malloc_margin
 *(.data*)
 .data.gIsADXL345InStandby
                0x00800106        0x1 ../../../../Library/ADXL345/ADXL345/Release\libADXL345.a(ADXL345.o)
                0x00800106                gIsADXL345InStandby
 *(.rodata)
 *(.rodata*)
 .rodata.str1.1
                0x00800107       0xc1 Accelerometer.o
 .rodata.str1.1
                0x008001c8      0x2ae Quadcopter.o
                                0x2bc (size before relaxing)
 .rodata.str1.1
                0x00800476       0x36 ../../../../Library/PWM/PWM/Release\libPWM.a(PWM.o)
 .rodata.str1.1
                0x008004ac      0x3a5 ../../../../Library/Transceiver/Transceiver/Release\libTransceiver.a(Transceiver.o)
 .rodata.str1.1
                0x00800851       0x6c ../../../../Library/SPI/SPI/Release\libSPI.a(SPI.o)
 .rodata.str1.1
                0x008008bd       0x72 ../../../../Library/ExtInt/ExtInt/Release\libExtInt.a(ExtInt.o)
 .rodata.str1.1
                0x0080092f      0x286 ../../../../Library/TWI/TWI/Release\libTWI.a(TWI.o)
 .rodata.str1.1
                0x00800bb5      0x64d ../../../../Library/ADXL345/ADXL345/Release\libADXL345.a(ADXL345.o)
 .rodata.str1.1
                0x00801202      0x37e ../../../../Library/HMC5883L/HMC5883L/Release\libHMC5883L.a(HMC5883L.o)
                                0x3cc (size before relaxing)
 .rodata.str1.1
                0x00801580       0x57 ../../../../Library/QuadcopterLib/QuadcopterLib/Release\libQuadcopterLib.a(QuadcopterLib.o)
                                 0x7c (size before relaxing)
 *(.gnu.linkonce.d*)
                0x008015d8                . = ALIGN (0x2)
 *fill*         0x008015d7        0x1 
                0x008015d8                _edata = .
                0x008015d8                PROVIDE (__data_end, .)

.bss            0x008015d8       0x7d
                0x008015d8                PROVIDE (__bss_start, .)
 *(.bss)
 *(.bss*)
 .bss.gIsSignalLost
                0x008015d8        0x1 Quadcopter.o
                0x008015d8                gIsSignalLost
 .bss.gWatchDogTimerTriggerCount
                0x008015d9        0x1 Quadcopter.o
                0x008015d9                gWatchDogTimerTriggerCount
 .bss.gPWMInitialized
                0x008015da        0x1 ../../../../Library/PWM/PWM/Release\libPWM.a(PWM.o)
                0x008015da                gPWMInitialized
 .bss.PwmChannelPulse
                0x008015db        0x4 ../../../../Library/PWM/PWM/Release\libPWM.a(PWM.o)
                0x008015db                PwmChannelPulse
 .bss.gTxDSCallbackContext
                0x008015df        0x2 ../../../../Library/Transceiver/Transceiver/Release\libTransceiver.a(Transceiver.o)
                0x008015df                gTxDSCallbackContext
 .bss.gTxDSCallback
                0x008015e1        0x2 ../../../../Library/Transceiver/Transceiver/Release\libTransceiver.a(Transceiver.o)
                0x008015e1                gTxDSCallback
 .bss.gRxDRCallbackContext
                0x008015e3        0x2 ../../../../Library/Transceiver/Transceiver/Release\libTransceiver.a(Transceiver.o)
                0x008015e3                gRxDRCallbackContext
 .bss.gRxDRCallback
                0x008015e5        0x2 ../../../../Library/Transceiver/Transceiver/Release\libTransceiver.a(Transceiver.o)
                0x008015e5                gRxDRCallback
 .bss.gMaxRTCallbackContext
                0x008015e7        0x2 ../../../../Library/Transceiver/Transceiver/Release\libTransceiver.a(Transceiver.o)
                0x008015e7                gMaxRTCallbackContext
 .bss.gMaxRTCallback
                0x008015e9        0x2 ../../../../Library/Transceiver/Transceiver/Release\libTransceiver.a(Transceiver.o)
                0x008015e9                gMaxRTCallback
 .bss.gTransceiverInitialized
                0x008015eb        0x1 ../../../../Library/Transceiver/Transceiver/Release\libTransceiver.a(Transceiver.o)
                0x008015eb                gTransceiverInitialized
 .bss.gIsMaster
                0x008015ec        0x1 ../../../../Library/SPI/SPI/Release\libSPI.a(SPI.o)
                0x008015ec                gIsMaster
 .bss.gSPIInitialized
                0x008015ed        0x1 ../../../../Library/SPI/SPI/Release\libSPI.a(SPI.o)
                0x008015ed                gSPIInitialized
 .bss.gExtIntCallbackContext
                0x008015ee        0x6 ../../../../Library/ExtInt/ExtInt/Release\libExtInt.a(ExtInt.o)
                0x008015ee                gExtIntCallbackContext
 .bss.gExtIntCallback
                0x008015f4        0x6 ../../../../Library/ExtInt/ExtInt/Release\libExtInt.a(ExtInt.o)
                0x008015f4                gExtIntCallback
 .bss.gIsExtIntInitialized
                0x008015fa        0x1 ../../../../Library/ExtInt/ExtInt/Release\libExtInt.a(ExtInt.o)
                0x008015fa                gIsExtIntInitialized
 .bss.gIsRepeatedStart
                0x008015fb        0x1 ../../../../Library/TWI/TWI/Release\libTWI.a(TWI.o)
                0x008015fb                gIsRepeatedStart
 .bss.gIsTWIInitialized
                0x008015fc        0x1 ../../../../Library/TWI/TWI/Release\libTWI.a(TWI.o)
                0x008015fc                gIsTWIInitialized
 .bss.gIsADXL345Initialized
                0x008015fd        0x1 ../../../../Library/ADXL345/ADXL345/Release\libADXL345.a(ADXL345.o)
                0x008015fd                gIsADXL345Initialized
 .bss.gIsInitialized
                0x008015fe        0x1 ../../../../Library/HMC5883L/HMC5883L/Release\libHMC5883L.a(HMC5883L.o)
                0x008015fe                gIsInitialized
 .bss.gAccY     0x008015ff        0x4 ../../../../Library/QuadcopterLib/QuadcopterLib/Release\libQuadcopterLib.a(QuadcopterLib.o)
                0x008015ff                gAccY
 .bss.gAccX     0x00801603        0x4 ../../../../Library/QuadcopterLib/QuadcopterLib/Release\libQuadcopterLib.a(QuadcopterLib.o)
                0x00801603                gAccX
 *(COMMON)
 COMMON         0x00801607       0x11 ../../../../Library/UART/UART/Release\libUART.a(UART.o)
                0x00801607                gRCICallback0
                0x00801609                gTCICallback0
                0x0080160b                gRCICallbackContext1
                0x0080160d                gRCICallback1
                0x0080160f                gTCICallback1
                0x00801611                gTCICallbackContext0
                0x00801613                gRCICallbackContext0
                0x00801615                gTCICallbackContext1
                0x00801617                gUARTTimerTriggered
 COMMON         0x00801618       0x31 ../../../../Library/Transceiver/Transceiver/Release\libTransceiver.a(Transceiver.o)
                0x00801618                gNOPBuffer
                0x00801638                gIsAutoAcknowledgeEnabled
                0x00801639                gMyAddress
                0x00801641                gDestAddress
 COMMON         0x00801649        0x1 ../../../../Library/TWI/TWI/Release\libTWI.a(TWI.o)
                0x00801649                gMode
 COMMON         0x0080164a        0x1 ../../../../Library/ADXL345/ADXL345/Release\libADXL345.a(ADXL345.o)
                0x0080164a                gADXL345DeviceAddress
 COMMON         0x0080164b        0x2 ../../../../Library/HMC5883L/HMC5883L/Release\libHMC5883L.a(HMC5883L.o)
                0x0080164b                gHMC5883LDeviceAddress
                0x0080164c                gHMC5883LOpMode
 COMMON         0x0080164d        0x4 ../../../../Library/QuadcopterLib/QuadcopterLib/Release\libQuadcopterLib.a(QuadcopterLib.o)
                0x0080164d                gThPulse
 COMMON         0x00801651        0x4 c:/program files (x86)/atmel/atmel toolchain/avr8 gcc/native/3.4.1061/avr8-gnu-toolchain/bin/../lib/gcc/avr/4.8.1/../../../../avr/lib/avr51\libc.a(malloc.o)
                0x00801651                __brkval
                0x00801653                __flp
                0x00801655                PROVIDE (__bss_end, .)
                0x00003adc                __data_load_start = LOADADDR (.data)
                0x00004fb4                __data_load_end = (__data_load_start + SIZEOF (.data))

.noinit         0x00801655        0x0
                0x00801655                PROVIDE (__noinit_start, .)
 *(.noinit*)
                0x00801655                PROVIDE (__noinit_end, .)
                0x00801655                _end = .
                0x00801655                PROVIDE (__heap_start, .)

.eeprom         0x00810000        0x0
 *(.eeprom*)
                0x00810000                __eeprom_end = .

.fuse
 *(.fuse)
 *(.lfuse)
 *(.hfuse)
 *(.efuse)

.lock
 *(.lock*)

.signature
 *(.signature*)

.user_signatures
 *(.user_signatures*)

.stab
 *(.stab)

.stabstr
 *(.stabstr)

.stab.excl
 *(.stab.excl)

.stab.exclstr
 *(.stab.exclstr)

.stab.index
 *(.stab.index)

.stab.indexstr
 *(.stab.indexstr)

.comment        0x00000000       0x30
 *(.comment)
 .comment       0x00000000       0x30 Accelerometer.o
                                 0x31 (size before relaxing)
 .comment       0x00000000       0x31 Quadcopter.o
 .comment       0x00000000       0x31 ../../../../Library/Trace/Trace/Release\libTrace.a(Trace.o)
 .comment       0x00000000       0x31 ../../../../Library/UART/UART/Release\libUART.a(UART.o)
 .comment       0x00000000       0x31 ../../../../Library/PWM/PWM/Release\libPWM.a(PWM.o)
 .comment       0x00000000       0x31 ../../../../Library/Transceiver/Transceiver/Release\libTransceiver.a(Transceiver.o)
 .comment       0x00000000       0x31 ../../../../Library/Transceiver/Transceiver/Release\libTransceiver.a(Transfer.o)
 .comment       0x00000000       0x31 ../../../../Library/SPI/SPI/Release\libSPI.a(SPI.o)
 .comment       0x00000000       0x31 ../../../../Library/ExtInt/ExtInt/Release\libExtInt.a(ExtInt.o)
 .comment       0x00000000       0x31 ../../../../Library/TWI/TWI/Release\libTWI.a(TWI.o)
 .comment       0x00000000       0x31 ../../../../Library/ADXL345/ADXL345/Release\libADXL345.a(ADXL345.o)
 .comment       0x00000000       0x31 ../../../../Library/HMC5883L/HMC5883L/Release\libHMC5883L.a(HMC5883L.o)
 .comment       0x00000000       0x31 ../../../../Library/QuadcopterLib/QuadcopterLib/Release\libQuadcopterLib.a(QuadcopterLib.o)
 .comment       0x00000000       0x31 c:/program files (x86)/atmel/atmel toolchain/avr8 gcc/native/3.4.1061/avr8-gnu-toolchain/bin/../lib/gcc/avr/4.8.1/../../../../avr/lib/avr51\libc.a(malloc.o)

.note.gnu.build-id
 *(.note.gnu.build-id)

.debug
 *(.debug)

.line
 *(.line)

.debug_srcinfo
 *(.debug_srcinfo)

.debug_sfnames
 *(.debug_sfnames)

.debug_aranges
 *(.debug_aranges)

.debug_pubnames
 *(.debug_pubnames)

.debug_info
 *(.debug_info .gnu.linkonce.wi.*)

.debug_abbrev
 *(.debug_abbrev)

.debug_line
 *(.debug_line .debug_line.* .debug_line_end)

.debug_frame
 *(.debug_frame)

.debug_str
 *(.debug_str)

.debug_loc
 *(.debug_loc)

.debug_macinfo
 *(.debug_macinfo)

.debug_weaknames
 *(.debug_weaknames)

.debug_funcnames
 *(.debug_funcnames)

.debug_typenames
 *(.debug_typenames)

.debug_varnames
 *(.debug_varnames)

.debug_pubtypes
 *(.debug_pubtypes)

.debug_ranges
 *(.debug_ranges)

.debug_macro
 *(.debug_macro)
OUTPUT(Quadcopter.elf elf32-avr)
LOAD linker stubs
