Archive member included because of file (symbol)

c:/winavr-20100110/bin/../lib/gcc/avr/4.3.3/avr4\libgcc.a(_udivmodhi4.o)
                              SevenSegmentDisplay.o (__udivmodhi4)
c:/winavr-20100110/bin/../lib/gcc/avr/4.3.3/avr4\libgcc.a(_exit.o)
                              c:/winavr-20100110/bin/../lib/gcc/avr/4.3.3/../../../../avr/lib/avr4/crtm8515.o (exit)
c:/winavr-20100110/bin/../lib/gcc/avr/4.3.3/avr4\libgcc.a(_copy_data.o)
                              SevenSegmentDisplay.o (__do_copy_data)
c:/winavr-20100110/bin/../lib/gcc/avr/4.3.3/avr4\libgcc.a(_clear_bss.o)
                              ODServos.o (__do_clear_bss)

Allocating common symbols
Common symbol       size              file

Dummy               0x1               ODServos.o

Memory Configuration

Name             Origin             Length             Attributes
text             0x00000000         0x00002000         xr
data             0x00800060         0x0000ffa0         rw !x
eeprom           0x00810000         0x00010000         rw !x
fuse             0x00820000         0x00000400         rw !x
lock             0x00830000         0x00000400         rw !x
signature        0x00840000         0x00000400         rw !x
*default*        0x00000000         0xffffffff

Linker script and memory map

LOAD c:/winavr-20100110/bin/../lib/gcc/avr/4.3.3/../../../../avr/lib/avr4/crtm8515.o
LOAD OD-Robot.o
LOAD ODServos.o
LOAD PowerGating.o
LOAD DriveServos.o
LOAD ADC.o
LOAD SevenSegmentDisplay.o
LOAD UART-Trace.o
LOAD ODSensor.o
LOAD c:/winavr-20100110/bin/../lib/gcc/avr/4.3.3/avr4\libgcc.a
LOAD c:/winavr-20100110/bin/../lib/gcc/avr/4.3.3/../../../../avr/lib/avr4\libc.a
LOAD c:/winavr-20100110/bin/../lib/gcc/avr/4.3.3/avr4\libgcc.a

.hash
 *(.hash)

.dynsym
 *(.dynsym)

.dynstr
 *(.dynstr)

.gnu.version
 *(.gnu.version)

.gnu.version_d
 *(.gnu.version_d)

.gnu.version_r
 *(.gnu.version_r)

.rel.init
 *(.rel.init)

.rela.init
 *(.rela.init)

.rel.text
 *(.rel.text)
 *(.rel.text.*)
 *(.rel.gnu.linkonce.t*)

.rela.text
 *(.rela.text)
 *(.rela.text.*)
 *(.rela.gnu.linkonce.t*)

.rel.fini
 *(.rel.fini)

.rela.fini
 *(.rela.fini)

.rel.rodata
 *(.rel.rodata)
 *(.rel.rodata.*)
 *(.rel.gnu.linkonce.r*)

.rela.rodata
 *(.rela.rodata)
 *(.rela.rodata.*)
 *(.rela.gnu.linkonce.r*)

.rel.data
 *(.rel.data)
 *(.rel.data.*)
 *(.rel.gnu.linkonce.d*)

.rela.data
 *(.rela.data)
 *(.rela.data.*)
 *(.rela.gnu.linkonce.d*)

.rel.ctors
 *(.rel.ctors)

.rela.ctors
 *(.rela.ctors)

.rel.dtors
 *(.rel.dtors)

.rela.dtors
 *(.rela.dtors)

.rel.got
 *(.rel.got)

.rela.got
 *(.rela.got)

.rel.bss
 *(.rel.bss)

.rela.bss
 *(.rela.bss)

.rel.plt
 *(.rel.plt)

.rela.plt
 *(.rela.plt)

.text           0x00000000      0x676
 *(.vectors)
 .vectors       0x00000000       0x22 c:/winavr-20100110/bin/../lib/gcc/avr/4.3.3/../../../../avr/lib/avr4/crtm8515.o
                0x00000000                __vectors
                0x00000000                __vector_default
 *(.vectors)
 *(.progmem.gcc*)
 .progmem.gcc_sw_table
                0x00000022       0x14 SevenSegmentDisplay.o
 *(.progmem*)
                0x00000036                . = ALIGN (0x2)
                0x00000036                __trampolines_start = .
 *(.trampolines)
 .trampolines   0x00000036        0x0 linker stubs
 *(.trampolines*)
                0x00000036                __trampolines_end = .
 *(.jumptables)
 *(.jumptables*)
 *(.lowtext)
 *(.lowtext*)
                0x00000036                __ctors_start = .
 *(.ctors)
                0x00000036                __ctors_end = .
                0x00000036                __dtors_start = .
 *(.dtors)
                0x00000036                __dtors_end = .
 SORT(*)(.ctors)
 SORT(*)(.dtors)
 *(.init0)
 .init0         0x00000036        0x0 c:/winavr-20100110/bin/../lib/gcc/avr/4.3.3/../../../../avr/lib/avr4/crtm8515.o
                0x00000036                __init
 *(.init0)
 *(.init1)
 *(.init1)
 *(.init2)
 .init2         0x00000036        0xc c:/winavr-20100110/bin/../lib/gcc/avr/4.3.3/../../../../avr/lib/avr4/crtm8515.o
 *(.init2)
 *(.init3)
 *(.init3)
 *(.init4)
 .init4         0x00000042       0x16 c:/winavr-20100110/bin/../lib/gcc/avr/4.3.3/avr4\libgcc.a(_copy_data.o)
                0x00000042                __do_copy_data
 .init4         0x00000058       0x10 c:/winavr-20100110/bin/../lib/gcc/avr/4.3.3/avr4\libgcc.a(_clear_bss.o)
                0x00000058                __do_clear_bss
 *(.init4)
 *(.init5)
 *(.init5)
 *(.init6)
 *(.init6)
 *(.init7)
 *(.init7)
 *(.init8)
 *(.init8)
 *(.init9)
 .init9         0x00000068        0x4 c:/winavr-20100110/bin/../lib/gcc/avr/4.3.3/../../../../avr/lib/avr4/crtm8515.o
 *(.init9)
 *(.text)
 .text          0x0000006c        0x2 c:/winavr-20100110/bin/../lib/gcc/avr/4.3.3/../../../../avr/lib/avr4/crtm8515.o
                0x0000006c                __vector_1
                0x0000006c                __vector_12
                0x0000006c                __bad_interrupt
                0x0000006c                __vector_3
                0x0000006c                __vector_11
                0x0000006c                __vector_13
                0x0000006c                __vector_5
                0x0000006c                __vector_4
                0x0000006c                __vector_9
                0x0000006c                __vector_2
                0x0000006c                __vector_15
                0x0000006c                __vector_8
                0x0000006c                __vector_14
                0x0000006c                __vector_10
                0x0000006c                __vector_16
 .text          0x0000006e       0x5e OD-Robot.o
                0x0000006e                StartODRobot
                0x000000c2                main
                0x000000b6                InitODRobot
 .text          0x000000cc       0xda ODServos.o
                0x0000017e                InitODServos
                0x000000e8                __vector_7
                0x000000cc                WaitForODServoTurnPulse
                0x0000010a                TurnODServo
 .text          0x000001a6       0x9c PowerGating.o
                0x00000212                InitPowerGatingLogic
                0x000001a6                TurnOnOffODSensor
                0x000001dc                TurnOnOffODServo
 .text          0x00000242      0x132 DriveServos.o
                0x00000330                DriveRobotBackward
                0x00000360                __vector_6
                0x00000266                StopRobot
                0x00000290                TurnRobot
                0x00000274                WaitForRobotTurnPulse
                0x00000242                InitDriveServos
                0x00000348                DriveRobotForward
 .text          0x00000374       0x5c ADC.o
                0x00000382                ReadDataFromAD
                0x000003c6                SendReceiveSPI
                0x00000374                InitSPI
 .text          0x000003d0       0xb8 SevenSegmentDisplay.o
                0x000003d6                DisplayValue
                0x000003d0                InitSevenSegmentDisplay
 .text          0x00000488       0xac UART-Trace.o
                0x0000052c                Transmit
                0x00000498                SendTrace
                0x00000488                InitUART
 .text          0x00000534      0x116 ODSensor.o
                0x00000534                FindEnoughSpace
                0x000005f0                CheckForEnoughSpace
 .text          0x0000064a        0x0 c:/winavr-20100110/bin/../lib/gcc/avr/4.3.3/avr4\libgcc.a(_udivmodhi4.o)
 .text          0x0000064a        0x0 c:/winavr-20100110/bin/../lib/gcc/avr/4.3.3/avr4\libgcc.a(_exit.o)
 .text          0x0000064a        0x0 c:/winavr-20100110/bin/../lib/gcc/avr/4.3.3/avr4\libgcc.a(_copy_data.o)
 .text          0x0000064a        0x0 c:/winavr-20100110/bin/../lib/gcc/avr/4.3.3/avr4\libgcc.a(_clear_bss.o)
                0x0000064a                . = ALIGN (0x2)
 *(.text.*)
 .text.libgcc   0x0000064a       0x28 c:/winavr-20100110/bin/../lib/gcc/avr/4.3.3/avr4\libgcc.a(_udivmodhi4.o)
                0x0000064a                __udivmodhi4
 .text.libgcc   0x00000672        0x0 c:/winavr-20100110/bin/../lib/gcc/avr/4.3.3/avr4\libgcc.a(_exit.o)
 .text.libgcc   0x00000672        0x0 c:/winavr-20100110/bin/../lib/gcc/avr/4.3.3/avr4\libgcc.a(_copy_data.o)
 .text.libgcc   0x00000672        0x0 c:/winavr-20100110/bin/../lib/gcc/avr/4.3.3/avr4\libgcc.a(_clear_bss.o)
                0x00000672                . = ALIGN (0x2)
 *(.fini9)
 .fini9         0x00000672        0x0 c:/winavr-20100110/bin/../lib/gcc/avr/4.3.3/avr4\libgcc.a(_exit.o)
                0x00000672                exit
                0x00000672                _exit
 *(.fini9)
 *(.fini8)
 *(.fini8)
 *(.fini7)
 *(.fini7)
 *(.fini6)
 *(.fini6)
 *(.fini5)
 *(.fini5)
 *(.fini4)
 *(.fini4)
 *(.fini3)
 *(.fini3)
 *(.fini2)
 *(.fini2)
 *(.fini1)
 *(.fini1)
 *(.fini0)
 .fini0         0x00000672        0x4 c:/winavr-20100110/bin/../lib/gcc/avr/4.3.3/avr4\libgcc.a(_exit.o)
 *(.fini0)
                0x00000676                _etext = .

.data           0x00800060        0x0 load address 0x00000676
                0x00800060                PROVIDE (__data_start, .)
 *(.data)
 .data          0x00800060        0x0 c:/winavr-20100110/bin/../lib/gcc/avr/4.3.3/../../../../avr/lib/avr4/crtm8515.o
 .data          0x00800060        0x0 OD-Robot.o
 .data          0x00800060        0x0 ODServos.o
 .data          0x00800060        0x0 PowerGating.o
 .data          0x00800060        0x0 DriveServos.o
 .data          0x00800060        0x0 ADC.o
 .data          0x00800060        0x0 SevenSegmentDisplay.o
 .data          0x00800060        0x0 UART-Trace.o
 .data          0x00800060        0x0 ODSensor.o
 .data          0x00800060        0x0 c:/winavr-20100110/bin/../lib/gcc/avr/4.3.3/avr4\libgcc.a(_udivmodhi4.o)
 .data          0x00800060        0x0 c:/winavr-20100110/bin/../lib/gcc/avr/4.3.3/avr4\libgcc.a(_exit.o)
 .data          0x00800060        0x0 c:/winavr-20100110/bin/../lib/gcc/avr/4.3.3/avr4\libgcc.a(_copy_data.o)
 .data          0x00800060        0x0 c:/winavr-20100110/bin/../lib/gcc/avr/4.3.3/avr4\libgcc.a(_clear_bss.o)
 *(.data*)
 *(.rodata)
 *(.rodata*)
 *(.gnu.linkonce.d*)
                0x00800060                . = ALIGN (0x2)
                0x00800060                _edata = .
                0x00800060                PROVIDE (__data_end, .)

.bss            0x00800060        0x1
                0x00800060                PROVIDE (__bss_start, .)
 *(.bss)
 .bss           0x00800060        0x0 c:/winavr-20100110/bin/../lib/gcc/avr/4.3.3/../../../../avr/lib/avr4/crtm8515.o
 .bss           0x00800060        0x0 OD-Robot.o
 .bss           0x00800060        0x0 ODServos.o
 .bss           0x00800060        0x0 PowerGating.o
 .bss           0x00800060        0x0 DriveServos.o
 .bss           0x00800060        0x0 ADC.o
 .bss           0x00800060        0x0 SevenSegmentDisplay.o
 .bss           0x00800060        0x0 UART-Trace.o
 .bss           0x00800060        0x0 ODSensor.o
 .bss           0x00800060        0x0 c:/winavr-20100110/bin/../lib/gcc/avr/4.3.3/avr4\libgcc.a(_udivmodhi4.o)
 .bss           0x00800060        0x0 c:/winavr-20100110/bin/../lib/gcc/avr/4.3.3/avr4\libgcc.a(_exit.o)
 .bss           0x00800060        0x0 c:/winavr-20100110/bin/../lib/gcc/avr/4.3.3/avr4\libgcc.a(_copy_data.o)
 .bss           0x00800060        0x0 c:/winavr-20100110/bin/../lib/gcc/avr/4.3.3/avr4\libgcc.a(_clear_bss.o)
 *(.bss*)
 *(COMMON)
 COMMON         0x00800060        0x1 ODServos.o
                0x00800060                Dummy
                0x00800061                PROVIDE (__bss_end, .)
                0x00000676                __data_load_start = LOADADDR (.data)
                0x00000676                __data_load_end = (__data_load_start + SIZEOF (.data))

.noinit         0x00800061        0x0
                0x00800061                PROVIDE (__noinit_start, .)
 *(.noinit*)
                0x00800061                PROVIDE (__noinit_end, .)
                0x00800061                _end = .
                0x00800061                PROVIDE (__heap_start, .)

.eeprom         0x00810000        0x0
 *(.eeprom*)
                0x00810000                __eeprom_end = .

.fuse
 *(.fuse)
 *(.lfuse)
 *(.hfuse)
 *(.efuse)

.lock
 *(.lock*)

.signature
 *(.signature*)

.stab
 *(.stab)

.stabstr
 *(.stabstr)

.stab.excl
 *(.stab.excl)

.stab.exclstr
 *(.stab.exclstr)

.stab.index
 *(.stab.index)

.stab.indexstr
 *(.stab.indexstr)

.comment
 *(.comment)

.debug
 *(.debug)

.line
 *(.line)

.debug_srcinfo
 *(.debug_srcinfo)

.debug_sfnames
 *(.debug_sfnames)

.debug_aranges  0x00000000      0x100
 *(.debug_aranges)
 .debug_aranges
                0x00000000       0x20 OD-Robot.o
 .debug_aranges
                0x00000020       0x20 ODServos.o
 .debug_aranges
                0x00000040       0x20 PowerGating.o
 .debug_aranges
                0x00000060       0x20 DriveServos.o
 .debug_aranges
                0x00000080       0x20 ADC.o
 .debug_aranges
                0x000000a0       0x20 SevenSegmentDisplay.o
 .debug_aranges
                0x000000c0       0x20 UART-Trace.o
 .debug_aranges
                0x000000e0       0x20 ODSensor.o

.debug_pubnames
                0x00000000      0x28d
 *(.debug_pubnames)
 .debug_pubnames
                0x00000000       0x3c OD-Robot.o
 .debug_pubnames
                0x0000003c       0x68 ODServos.o
 .debug_pubnames
                0x000000a4       0x56 PowerGating.o
 .debug_pubnames
                0x000000fa       0x98 DriveServos.o
 .debug_pubnames
                0x00000192       0x44 ADC.o
 .debug_pubnames
                0x000001d6       0x3f SevenSegmentDisplay.o
 .debug_pubnames
                0x00000215       0x3a UART-Trace.o
 .debug_pubnames
                0x0000024f       0x3e ODSensor.o

.debug_info     0x00000000      0xd4d
 *(.debug_info)
 .debug_info    0x00000000      0x11e OD-Robot.o
 .debug_info    0x0000011e      0x267 ODServos.o
 .debug_info    0x00000385      0x15d PowerGating.o
 .debug_info    0x000004e2      0x1d9 DriveServos.o
 .debug_info    0x000006bb      0x192 ADC.o
 .debug_info    0x0000084d      0x141 SevenSegmentDisplay.o
 .debug_info    0x0000098e      0x129 UART-Trace.o
 .debug_info    0x00000ab7      0x296 ODSensor.o
 *(.gnu.linkonce.wi.*)

.debug_abbrev   0x00000000      0x73d
 *(.debug_abbrev)
 .debug_abbrev  0x00000000       0x9d OD-Robot.o
 .debug_abbrev  0x0000009d      0x141 ODServos.o
 .debug_abbrev  0x000001de       0x88 PowerGating.o
 .debug_abbrev  0x00000266       0xe6 DriveServos.o
 .debug_abbrev  0x0000034c      0x112 ADC.o
 .debug_abbrev  0x0000045e       0xd4 SevenSegmentDisplay.o
 .debug_abbrev  0x00000532       0xf9 UART-Trace.o
 .debug_abbrev  0x0000062b      0x112 ODSensor.o

.debug_line     0x00000000      0xcb3
 *(.debug_line)
 .debug_line    0x00000000      0x12d OD-Robot.o
 .debug_line    0x0000012d      0x21f ODServos.o
 .debug_line    0x0000034c      0x13a PowerGating.o
 .debug_line    0x00000486      0x20a DriveServos.o
 .debug_line    0x00000690      0x125 ADC.o
 .debug_line    0x000007b5      0x1fb SevenSegmentDisplay.o
 .debug_line    0x000009b0      0x135 UART-Trace.o
 .debug_line    0x00000ae5      0x1ce ODSensor.o

.debug_frame    0x00000000      0x230
 *(.debug_frame)
 .debug_frame   0x00000000       0x40 OD-Robot.o
 .debug_frame   0x00000040       0x50 ODServos.o
 .debug_frame   0x00000090       0x40 PowerGating.o
 .debug_frame   0x000000d0       0x80 DriveServos.o
 .debug_frame   0x00000150       0x40 ADC.o
 .debug_frame   0x00000190       0x30 SevenSegmentDisplay.o
 .debug_frame   0x000001c0       0x40 UART-Trace.o
 .debug_frame   0x00000200       0x30 ODSensor.o

.debug_str      0x00000000      0x525
 *(.debug_str)
 .debug_str     0x00000000      0x11c OD-Robot.o
                                0x16d (size before relaxing)
 .debug_str     0x0000011c      0x168 ODServos.o
                                0x27a (size before relaxing)
 .debug_str     0x00000284       0x55 PowerGating.o
                                0x1a1 (size before relaxing)
 .debug_str     0x000002d9       0xe1 DriveServos.o
                                0x212 (size before relaxing)
 .debug_str     0x000003ba       0x7b ADC.o
                                0x135 (size before relaxing)
 .debug_str     0x00000435       0x57 SevenSegmentDisplay.o
                                0x13c (size before relaxing)
 .debug_str     0x0000048c       0x39 UART-Trace.o
                                 0xe1 (size before relaxing)
 .debug_str     0x000004c5       0x60 ODSensor.o
                                0x285 (size before relaxing)

.debug_loc      0x00000000      0x42a
 *(.debug_loc)
 .debug_loc     0x00000000       0x38 OD-Robot.o
 .debug_loc     0x00000038       0x80 ODServos.o
 .debug_loc     0x000000b8       0x50 DriveServos.o
 .debug_loc     0x00000108       0xb7 ADC.o
 .debug_loc     0x000001bf       0x68 SevenSegmentDisplay.o
 .debug_loc     0x00000227       0x6b UART-Trace.o
 .debug_loc     0x00000292      0x198 ODSensor.o

.debug_macinfo
 *(.debug_macinfo)
OUTPUT(OD-Robot.elf elf32-avr)
LOAD linker stubs

.debug_ranges   0x00000000       0x60
 .debug_ranges  0x00000000       0x48 SevenSegmentDisplay.o
 .debug_ranges  0x00000048       0x18 UART-Trace.o
